Archive member included because of file (symbol)

c:/program files (x86)/gnu tools arm embedded/4.9 2015q3/bin/../lib/gcc/arm-none-eabi/4.9.3/armv7-ar/thumb\libgcc.a(_udivsi3.o)
                              output_Core_0\main.c.o (__aeabi_uidiv)
c:/program files (x86)/gnu tools arm embedded/4.9 2015q3/bin/../lib/gcc/arm-none-eabi/4.9.3/armv7-ar/thumb\libgcc.a(_divsi3.o)
                              output_Core_0\MainMenu.c.o (__aeabi_idiv)
c:/program files (x86)/gnu tools arm embedded/4.9 2015q3/bin/../lib/gcc/arm-none-eabi/4.9.3/armv7-ar/thumb\libgcc.a(_dvmd_tls.o)
                              c:/program files (x86)/gnu tools arm embedded/4.9 2015q3/bin/../lib/gcc/arm-none-eabi/4.9.3/armv7-ar/thumb\libgcc.a(_udivsi3.o) (__aeabi_idiv0)
c:/program files (x86)/gnu tools arm embedded/4.9 2015q3/bin/../lib/gcc/arm-none-eabi/4.9.3/../../../../arm-none-eabi/lib/armv7-ar/thumb\libc.a(lib_a-sscanf.o)
                              output_Core_0\TestMsgCore.c.o (sscanf)
c:/program files (x86)/gnu tools arm embedded/4.9 2015q3/bin/../lib/gcc/arm-none-eabi/4.9.3/../../../../arm-none-eabi/lib/armv7-ar/thumb\libc.a(lib_a-stdio.o)
                              c:/program files (x86)/gnu tools arm embedded/4.9 2015q3/bin/../lib/gcc/arm-none-eabi/4.9.3/../../../../arm-none-eabi/lib/armv7-ar/thumb\libc.a(lib_a-sscanf.o) (__seofread)
c:/program files (x86)/gnu tools arm embedded/4.9 2015q3/bin/../lib/gcc/arm-none-eabi/4.9.3/../../../../arm-none-eabi/lib/armv7-ar/thumb\libc.a(lib_a-svfscanf.o)
                              c:/program files (x86)/gnu tools arm embedded/4.9 2015q3/bin/../lib/gcc/arm-none-eabi/4.9.3/../../../../arm-none-eabi/lib/armv7-ar/thumb\libc.a(lib_a-sscanf.o) (__ssvfscanf_r)
c:/program files (x86)/gnu tools arm embedded/4.9 2015q3/bin/../lib/gcc/arm-none-eabi/4.9.3/../../../../arm-none-eabi/lib/armv7-ar/thumb\libc.a(lib_a-writer.o)
                              c:/program files (x86)/gnu tools arm embedded/4.9 2015q3/bin/../lib/gcc/arm-none-eabi/4.9.3/../../../../arm-none-eabi/lib/armv7-ar/thumb\libc.a(lib_a-stdio.o) (_write_r)
c:/program files (x86)/gnu tools arm embedded/4.9 2015q3/bin/../lib/gcc/arm-none-eabi/4.9.3/../../../../arm-none-eabi/lib/armv7-ar/thumb\libc.a(lib_a-closer.o)
                              c:/program files (x86)/gnu tools arm embedded/4.9 2015q3/bin/../lib/gcc/arm-none-eabi/4.9.3/../../../../arm-none-eabi/lib/armv7-ar/thumb\libc.a(lib_a-stdio.o) (_close_r)
c:/program files (x86)/gnu tools arm embedded/4.9 2015q3/bin/../lib/gcc/arm-none-eabi/4.9.3/../../../../arm-none-eabi/lib/armv7-ar/thumb\libc.a(lib_a-ctype_.o)
                              c:/program files (x86)/gnu tools arm embedded/4.9 2015q3/bin/../lib/gcc/arm-none-eabi/4.9.3/../../../../arm-none-eabi/lib/armv7-ar/thumb\libc.a(lib_a-svfscanf.o) (__ctype_ptr__)
c:/program files (x86)/gnu tools arm embedded/4.9 2015q3/bin/../lib/gcc/arm-none-eabi/4.9.3/../../../../arm-none-eabi/lib/armv7-ar/thumb\libc.a(lib_a-impure.o)
                              c:/program files (x86)/gnu tools arm embedded/4.9 2015q3/bin/../lib/gcc/arm-none-eabi/4.9.3/../../../../arm-none-eabi/lib/armv7-ar/thumb\libc.a(lib_a-sscanf.o) (_impure_ptr)
c:/program files (x86)/gnu tools arm embedded/4.9 2015q3/bin/../lib/gcc/arm-none-eabi/4.9.3/../../../../arm-none-eabi/lib/armv7-ar/thumb\libc.a(lib_a-iswspace.o)
                              c:/program files (x86)/gnu tools arm embedded/4.9 2015q3/bin/../lib/gcc/arm-none-eabi/4.9.3/../../../../arm-none-eabi/lib/armv7-ar/thumb\libc.a(lib_a-svfscanf.o) (iswspace)
c:/program files (x86)/gnu tools arm embedded/4.9 2015q3/bin/../lib/gcc/arm-none-eabi/4.9.3/../../../../arm-none-eabi/lib/armv7-ar/thumb\libc.a(lib_a-locale.o)
                              c:/program files (x86)/gnu tools arm embedded/4.9 2015q3/bin/../lib/gcc/arm-none-eabi/4.9.3/../../../../arm-none-eabi/lib/armv7-ar/thumb\libc.a(lib_a-svfscanf.o) (__locale_mb_cur_max)
c:/program files (x86)/gnu tools arm embedded/4.9 2015q3/bin/../lib/gcc/arm-none-eabi/4.9.3/../../../../arm-none-eabi/lib/armv7-ar/thumb\libc.a(lib_a-lseekr.o)
                              c:/program files (x86)/gnu tools arm embedded/4.9 2015q3/bin/../lib/gcc/arm-none-eabi/4.9.3/../../../../arm-none-eabi/lib/armv7-ar/thumb\libc.a(lib_a-stdio.o) (_lseek_r)
c:/program files (x86)/gnu tools arm embedded/4.9 2015q3/bin/../lib/gcc/arm-none-eabi/4.9.3/../../../../arm-none-eabi/lib/armv7-ar/thumb\libc.a(lib_a-mbrtowc.o)
                              c:/program files (x86)/gnu tools arm embedded/4.9 2015q3/bin/../lib/gcc/arm-none-eabi/4.9.3/../../../../arm-none-eabi/lib/armv7-ar/thumb\libc.a(lib_a-svfscanf.o) (_mbrtowc_r)
c:/program files (x86)/gnu tools arm embedded/4.9 2015q3/bin/../lib/gcc/arm-none-eabi/4.9.3/../../../../arm-none-eabi/lib/armv7-ar/thumb\libc.a(lib_a-mbtowc_r.o)
[...]
Memory Configuration

Name             Origin             Length             Attributes
sram             0xfffd0000         0x0001c000         xrw
sram_TLB         0xfffec000         0x00004000         xrw
sram_RAM3        0xc0008000         0x00001000         xrw
*default*        0x00000000         0xffffffff

Linker script and memory map

LOAD output_Core_0\main.c.o
LOAD output_Core_0\MainMenu.c.o
LOAD output_Core_0\Mem_Test.c.o
LOAD output_Core_0\printf.c.o
LOAD output_Core_0\syscalls.c.o
LOAD output_Core_0\TestMsgCore.c.o
LOAD output_Core_0\Utility.c.o
LOAD output_Core_0\CPU1_Toggle.s.o
LOAD output_Core_0\startup_CA9.s.o

text_startup    0xfffd0000      0x1d8
 *startup*(.text, .text.*)
 .text.startup  0xfffd0000      0x1d8 output_Core_0\startup_CA9.s.o
                0xfffd0000                _startup
                0xfffd0024                pUndefinedInstructionRoutine
                0xfffd0028                pSvcRoutine
                0xfffd002c                pPrefetchAbortRoutine
                0xfffd0030                pDataAbortRoutine
                0xfffd0038                pIrqRoutine
                0xfffd003c                pFiqRoutine
                0xfffd005c                undefined_instruction_handler
                0xfffd0074                prefetch_abort_handler
                0xfffd008c                data_abort_handler
                0xfffd00a4                svc_handler
                0xfffd00bc                irq_handler
                0xfffd00d4                fiq_handler
                0xfffd00ec                reset_handler
                0xfffd01a8                _exit
 *startup*(.rodata, .rodata*)

text_all_others
                0xfffd01d8     0x503c
 *(.text .text.*)
 .text.IrqRoutine
                0xfffd01d8       0x5c output_Core_0\main.c.o
                0xfffd01d8                IrqRoutine
 .text.FiqRoutine
                0xfffd0234       0x5c output_Core_0\main.c.o
                0xfffd0234                FiqRoutine
 .text.UndefinedInstructionRoutine
                0xfffd0290       0x60 output_Core_0\main.c.o
                0xfffd0290                UndefinedInstructionRoutine
 .text.PrefetchAbortRoutine
                0xfffd02f0       0x5c output_Core_0\main.c.o
                0xfffd02f0                PrefetchAbortRoutine
 .text.SvcRoutine
                0xfffd034c       0x5c output_Core_0\main.c.o
                0xfffd034c                SvcRoutine
 .text.DataAbortRoutine
                0xfffd03a8       0x80 output_Core_0\main.c.o
                0xfffd03a8                DataAbortRoutine
 .text.Check_BMC_PLL
                0xfffd0428       0xf0 output_Core_0\main.c.o
                0xfffd0428                Check_BMC_PLL
 .text.Check_Clocks
                0xfffd0518      0x280 output_Core_0\main.c.o
                0xfffd0518                Check_Clocks
 .text.startup.main
                0xfffd0798      0x358 output_Core_0\main.c.o
                0xfffd0798                main
 .text.RelocateTlbs
                0xfffd0af0      0x1a8 output_Core_0\MainMenu.c.o
                0xfffd0af0                RelocateTlbs
 .text.CheckForAbort
                0xfffd0c98       0x70 output_Core_0\MainMenu.c.o
                0xfffd0c98                CheckForAbort
 .text.DQ_to_INT
                0xfffd0d08       0x20 output_Core_0\MainMenu.c.o
                0xfffd0d08                DQ_to_INT
 .text.INT_to_DQ
                0xfffd0d28       0x20 output_Core_0\MainMenu.c.o
                0xfffd0d28                INT_to_DQ
 .text.Sweep_Trim_InputDQ_Offset
                0xfffd0d48      0x3b0 output_Core_0\MainMenu.c.o
                0xfffd0d48                Sweep_Trim_InputDQ_Offset
 .text.Sweep_Trim_InputDQS_Offset
                0xfffd10f8      0x34c output_Core_0\MainMenu.c.o
                0xfffd10f8                Sweep_Trim_InputDQS_Offset
 .text.Sweep_Trim_OutputDQ_Offset
                0xfffd1444      0x3c0 output_Core_0\MainMenu.c.o
                0xfffd1444                Sweep_Trim_OutputDQ_Offset
 .text.WriteModeReg
                0xfffd1804       0x94 output_Core_0\MainMenu.c.o
                0xfffd1804                WriteModeReg
 .text.MPR_Readout_RawData
                0xfffd1898       0xdc output_Core_0\MainMenu.c.o
                0xfffd1898                MPR_Readout_RawData
 .text.MPR_Page2_Readout
                0xfffd1974       0x80 output_Core_0\MainMenu.c.o
                0xfffd1974                MPR_Page2_Readout
 .text.VrefDQ_Get_DRAM
                0xfffd19f4       0x3c output_Core_0\MainMenu.c.o
                0xfffd19f4                VrefDQ_Get_DRAM
 .text.VrefDQ_Convert_Step_to_mV
                0xfffd1a30       0x40 output_Core_0\MainMenu.c.o
                0xfffd1a30                VrefDQ_Convert_Step_to_mV
 .text.DisplayInfo
                0xfffd1a70      0xe0c output_Core_0\MainMenu.c.o
                0xfffd1a70                DisplayInfo
 .text.VrefDQ_Convert_to_Step
                0xfffd287c       0x7c output_Core_0\MainMenu.c.o
                0xfffd287c                VrefDQ_Convert_to_Step
 .text.VrefDQ_Convert_mV_to_Step_Range
                0xfffd28f8       0xb0 output_Core_0\MainMenu.c.o
                0xfffd28f8                VrefDQ_Convert_mV_to_Step_Range
 .text.VrefDQ_Set_DRAM
                0xfffd29a8       0x48 output_Core_0\MainMenu.c.o
                0xfffd29a8                VrefDQ_Set_DRAM
 .text.TestOutputMargin
                0xfffd29f0      0x1a8 output_Core_0\MainMenu.c.o
                0xfffd29f0                TestOutputMargin
 .text.VrefDQ_Get_PHY
                0xfffd2b98       0x28 output_Core_0\MainMenu.c.o
                0xfffd2b98                VrefDQ_Get_PHY
 .text.VrefDQ_Set_PHY
                0xfffd2bc0       0x3c output_Core_0\MainMenu.c.o
                0xfffd2bc0                VrefDQ_Set_PHY
 .text.TestInputMargin
                0xfffd2bfc      0x2bc output_Core_0\MainMenu.c.o
                0xfffd2bfc                TestInputMargin
 .text.MainMenu
                0xfffd2eb8      0x1cc output_Core_0\MainMenu.c.o
                0xfffd2eb8                MainMenu
 .text.MemoryCompare
                0xfffd3084       0x58 output_Core_0\Mem_Test.c.o
                0xfffd3084                MemoryCompare
 .text.MemStressTest
                0xfffd30dc      0xfec output_Core_0\Mem_Test.c.o
                0xfffd30dc                MemStressTest
 .text.PutUnsignedInt
                0xfffd40c8       0x78 output_Core_0\printf.c.o
 .text.PutSignedInt
                0xfffd4140       0xac output_Core_0\printf.c.o
 .text.PutHexa  0xfffd41ec       0x78 output_Core_0\printf.c.o
 .text.vsnprintf
                0xfffd4264      0x1dc output_Core_0\printf.c.o
                0xfffd4264                vsnprintf
 .text.snprintf
                0xfffd4440       0x28 output_Core_0\printf.c.o
                0xfffd4440                snprintf
 .text.exit     0xfffd4468       0x94 output_Core_0\syscalls.c.o
                0xfffd4468                exit
 .text.UartInit
                0xfffd44fc      0x11c output_Core_0\TestMsgCore.c.o
                0xfffd44fc                UartInit
 .text.UartSendStr
                0xfffd4618       0x9c output_Core_0\TestMsgCore.c.o
                0xfffd4618                UartSendStr
 .text.__log_message
                0xfffd46b4       0x48 output_Core_0\TestMsgCore.c.o
 .text.LogMessage
                0xfffd46fc       0x28 output_Core_0\TestMsgCore.c.o
                0xfffd46fc                LogMessage
 .text.SetColor
                0xfffd4724       0x4c output_Core_0\TestMsgCore.c.o
                0xfffd4724                SetColor
 .text.LogMessageColor
                0xfffd4770       0x3c output_Core_0\TestMsgCore.c.o
                0xfffd4770                LogMessageColor
 .text.LogError
                0xfffd47ac       0x40 output_Core_0\TestMsgCore.c.o
                0xfffd47ac                LogError
 .text.LogWarning
                0xfffd47ec       0x40 output_Core_0\TestMsgCore.c.o
                0xfffd47ec                LogWarning
 .text.LogPass  0xfffd482c       0x40 output_Core_0\TestMsgCore.c.o
                0xfffd482c                LogPass
 .text.LogHeader
                0xfffd486c       0x60 output_Core_0\TestMsgCore.c.o
                0xfffd486c                LogHeader
 .text.UartWaitForEmpty
                0xfffd48cc       0x64 output_Core_0\TestMsgCore.c.o
                0xfffd48cc                UartWaitForEmpty
 .text.KbHit    0xfffd4930       0x30 output_Core_0\TestMsgCore.c.o
                0xfffd4930                KbHit
 .text.GetChar  0xfffd4960       0x30 output_Core_0\TestMsgCore.c.o
                0xfffd4960                GetChar
 .text.Uart_AutoDetect
                0xfffd4990      0x130 output_Core_0\TestMsgCore.c.o
                0xfffd4990                Uart_AutoDetect
 .text.Sleep    0xfffd4ac0       0x38 output_Core_0\Utility.c.o
                0xfffd4ac0                Sleep
 .text.InvalidateCache
                0xfffd4af8       0x10 output_Core_0\Utility.c.o
                0xfffd4af8                InvalidateCache
 .text.MemCmp   0xfffd4b08       0x38 output_Core_0\Utility.c.o
                0xfffd4b08                MemCmp
 .text.MemCpy   0xfffd4b40       0x1c output_Core_0\Utility.c.o
                0xfffd4b40                MemCpy
 .text.MemSet   0xfffd4b5c       0x14 output_Core_0\Utility.c.o
                0xfffd4b5c                MemSet
 .text.rand_8bit
                0xfffd4b70       0x2c output_Core_0\Utility.c.o
                0xfffd4b70                rand_8bit
 .text.rand_32bit
                0xfffd4b9c       0x28 output_Core_0\Utility.c.o
                0xfffd4b9c                rand_32bit
 .text.srand    0xfffd4bc4       0x14 output_Core_0\Utility.c.o
                0xfffd4bc4                srand
 .text          0xfffd4bd8      0x10c output_Core_0\CPU1_Toggle.s.o
                0xfffd4bd8                CPU1_Toggle
                0xfffd4ca8                CPU1_Cmd
                0xfffd4cac                CPU1_Rev
 *fill*         0xfffd4ce4        0x4 
 .text          0xfffd4ce8      0x278 c:/program files (x86)/gnu tools arm embedded/4.9 2015q3/bin/../lib/gcc/arm-none-eabi/4.9.3/armv7-ar/thumb\libgcc.a(_udivsi3.o)
                0xfffd4ce8                __aeabi_uidiv
                0xfffd4ce8                __udivsi3
                0xfffd4f44                __aeabi_uidivmod
 .text          0xfffd4f60      0x2b0 c:/program files (x86)/gnu tools arm embedded/4.9 2015q3/bin/../lib/gcc/arm-none-eabi/4.9.3/armv7-ar/thumb\libgcc.a(_divsi3.o)
                0xfffd4f60                __divsi3
                0xfffd4f60                __aeabi_idiv
                0xfffd51f4                __aeabi_idivmod
 .text          0xfffd5210        0x4 c:/program files (x86)/gnu tools arm embedded/4.9 2015q3/bin/../lib/gcc/arm-none-eabi/4.9.3/armv7-ar/thumb\libgcc.a(_dvmd_tls.o)
                0xfffd5210                __aeabi_idiv0
                0xfffd5210                __aeabi_ldiv0

rodata          0xfffd5214     0x2069
 *(.rodata .rodata*)
 .rodata.__FUNCTION__.5796
                0xfffd5214       0x11 output_Core_0\main.c.o
 .rodata.__FUNCTION__.5800
                0xfffd5225       0x1c output_Core_0\main.c.o
 .rodata.__FUNCTION__.5804
                0xfffd5241       0x15 output_Core_0\main.c.o
 .rodata.str1.1
                0xfffd5256      0x801 output_Core_0\main.c.o
                                0x810 (size before relaxing)
 .rodata.__FUNCTION__.5808
                0xfffd5a57        0xb output_Core_0\main.c.o
 .rodata.__FUNCTION__.5792
                0xfffd5a62        0xb output_Core_0\main.c.o
 .rodata.__FUNCTION__.5788
                0xfffd5a6d        0xb output_Core_0\main.c.o
 .rodata.__FUNCTION__.5844
                0xfffd5a78        0xd output_Core_0\main.c.o
 .rodata.CL     0xfffd5a85       0x10 output_Core_0\MainMenu.c.o
                0xfffd5a85                CL
 .rodata.__FUNCTION__.6200
                0xfffd5a95       0x20 output_Core_0\MainMenu.c.o
 .rodata.str1.1
                0xfffd5ab5     0x1189 output_Core_0\MainMenu.c.o
                               0x11cb (size before relaxing)
 .rodata.__FUNCTION__.5887
                0xfffd6c3e        0xd output_Core_0\MainMenu.c.o
 .rodata.CWL    0xfffd6c4b        0x8 output_Core_0\MainMenu.c.o
                0xfffd6c4b                CWL
 .rodata.g_Text_AbortedByUser
                0xfffd6c53       0x18 output_Core_0\MainMenu.c.o
                0xfffd6c53                g_Text_AbortedByUser
 *fill*         0xfffd6c6b        0x1 
 .rodata.DDR_MPR2_Expected
                0xfffd6c6c       0x40 output_Core_0\Mem_Test.c.o
                0xfffd6c6c                DDR_MPR2_Expected
 .rodata.Golden_Numbers
                0xfffd6cac      0x400 output_Core_0\Mem_Test.c.o
                0xfffd6cac                Golden_Numbers
 .rodata.str1.1
                0xfffd70ac       0x6c output_Core_0\syscalls.c.o
                                 0xa4 (size before relaxing)
 .rodata.str1.1
                0xfffd7118      0x12b output_Core_0\TestMsgCore.c.o
                                0x162 (size before relaxing)
 .rodata.pErrorMsg
                0xfffd7243       0x3a output_Core_0\TestMsgCore.c.o
                0xfffd7243                pErrorMsg
 *(.glue_7t .glue_7)
 .glue_7        0x00000000        0x0 linker stubs
 .glue_7t       0x00000000        0x0 linker stubs
 *(.gnu.linkonce.r.* .gnu.linkonce.t.*)

.vfp11_veneer   0xfffd7280        0x0
 .vfp11_veneer  0x00000000        0x0 linker stubs

.v4_bx          0xfffd7280        0x0
 .v4_bx         0x00000000        0x0 linker stubs

.iplt           0xfffd7280        0x0
 .iplt          0x00000000        0x0 output_Core_0\main.c.o

.igot.plt       0xfffd7280        0x0
 .igot.plt      0x00000000        0x0 output_Core_0\main.c.o

.got            0xfffd7280       0x5c
 .got           0xfffd7280       0x5c output_Core_0\main.c.o

.got.plt        0xfffd72dc        0xc
 .got.plt       0xfffd72dc        0xc output_Core_0\main.c.o
                0xfffd72dc                _GLOBAL_OFFSET_TABLE_

.rel.dyn        0xfffd72e8        0x0
 .rel.iplt      0x00000000        0x0 output_Core_0\main.c.o
 .rel.got       0x00000000        0x0 output_Core_0\main.c.o

ARM.extab
 *(.ARM.extab*)
 *(.gnu.linkonce.armextab.*)

ARM.exidx       0xfffd72e8        0x0
                0xfffd72e8                __exidx_start = .
 *(.ARM.exidx*)
 *(.gnu.linkonce.armexidx.*)
                0xfffd72e8                __exidx_end = .
                0xfffd72e8                . = ALIGN (0x4)
                0xfffd72e8                _etext = ABSOLUTE (.)
                0xfffd72e8                _sidata = ABSOLUTE (.)

data            0xfffd72e8        0x4
                0xfffd72e8                . = ALIGN (0x4)
                0xfffd72e8                _sdata = ABSOLUTE (.)
                0x00000001                ASSERT ((_sidata == _sdata), Error: in RAM compilation, _sidata and _sdata should be equal.)
 *(.data)
 *(.data.*)
 .data.next     0xfffd72e8        0x4 output_Core_0\Utility.c.o
                0xfffd72ec                . = ALIGN (0x4)
                0xfffd72ec                _edata = ABSOLUTE (.)

bss             0xfffd72f0      0x724
                0xfffd72f0                . = ALIGN (0x4)
                0xfffd72f0                __bss_start__ = ABSOLUTE (.)
 *(.bss)
 *(.bss.*)
 .bss.FormattedTextBuffer
                0xfffd72f0      0x100 output_Core_0\TestMsgCore.c.o
 *(COMMON)
 COMMON         0xfffd73f0       0x14 output_Core_0\main.c.o
                0xfffd73f0                PLL1_Freq_In_KHz
                0xfffd73f4                PLL0_Freq_In_KHz
                0xfffd73f8                g_SkipDataAbort
                0xfffd73fc                codestartup
                0xfffd7400                PLL2_Freq_In_KHz
 COMMON         0xfffd7404        0x9 output_Core_0\MainMenu.c.o
                0xfffd7404                g_IsMMUenable
                0xfffd7408                g_TlbsOriginAddr
                0xfffd740c                g_KeyPress
 *fill*         0xfffd740d        0x3 
 COMMON         0xfffd7410      0x600 output_Core_0\Mem_Test.c.o
                0xfffd7410                g_DataWrite1Buff
                0xfffd7610                g_AddrBuff
                0xfffd7810                g_DataReadBuff
 COMMON         0xfffd7a10        0x4 output_Core_0\TestMsgCore.c.o
                0xfffd7a10                UART_NUM_g
                0xfffd7a14                . = ALIGN (0x4)
                0xfffd7a14                __bss_end__ = ABSOLUTE (.)

stack           0xc0008000     0x1000
                0xc0008000                . = ALIGN (0x4)
                0xc0008000                __StackLimit = ABSOLUTE (.)
                0x00001000                __StackSize = 0x1000
                0x00000001                ASSERT ((__StackSize >= 0x1000), Error: Stack size is less then the minimume required.)
                0x00001000                . = (. + __StackSize)
 *fill*         0xc0008000     0x1000 
                0xc0009000                __StackTop = ABSOLUTE (.)
                0xc0009000                . = ALIGN (0x4)
                0xc0009000                end = ABSOLUTE (.)
START GROUP
LOAD c:/program files (x86)/gnu tools arm embedded/4.9 2015q3/bin/../lib/gcc/arm-none-eabi/4.9.3/armv7-ar/thumb\libgcc.a
LOAD c:/program files (x86)/gnu tools arm embedded/4.9 2015q3/bin/../lib/gcc/arm-none-eabi/4.9.3/../../../../arm-none-eabi/lib/armv7-ar/thumb\libc.a
END GROUP
OUTPUT(output_Core_0\TestMsg_Core_0.elf elf32-littlearm)

.debug_info     0x00000000     0x5b19
 .debug_info    0x00000000      0x86d output_Core_0\main.c.o
 .debug_info    0x0000086d     0x228e output_Core_0\MainMenu.c.o
 .debug_info    0x00002afb      0x5eb output_Core_0\Mem_Test.c.o
 .debug_info    0x000030e6      0xfa4 output_Core_0\printf.c.o
 .debug_info    0x0000408a      0x528 output_Core_0\syscalls.c.o
 .debug_info    0x000045b2      0xd9a output_Core_0\TestMsgCore.c.o
 .debug_info    0x0000534c      0x6fd output_Core_0\Utility.c.o
 .debug_info    0x00005a49       0x68 output_Core_0\CPU1_Toggle.s.o
 .debug_info    0x00005ab1       0x68 output_Core_0\startup_CA9.s.o

.debug_abbrev   0x00000000     0x1084
 .debug_abbrev  0x00000000      0x1f1 output_Core_0\main.c.o
 .debug_abbrev  0x000001f1      0x30f output_Core_0\MainMenu.c.o
 .debug_abbrev  0x00000500      0x1b9 output_Core_0\Mem_Test.c.o
 .debug_abbrev  0x000006b9      0x345 output_Core_0\printf.c.o
 .debug_abbrev  0x000009fe      0x159 output_Core_0\syscalls.c.o
 .debug_abbrev  0x00000b57      0x331 output_Core_0\TestMsgCore.c.o
 .debug_abbrev  0x00000e88      0x1d4 output_Core_0\Utility.c.o
 .debug_abbrev  0x0000105c       0x14 output_Core_0\CPU1_Toggle.s.o
 .debug_abbrev  0x00001070       0x14 output_Core_0\startup_CA9.s.o

.debug_loc      0x00000000     0x37cf
 .debug_loc     0x00000000      0x275 output_Core_0\main.c.o
 .debug_loc     0x00000275     0x177e output_Core_0\MainMenu.c.o
 .debug_loc     0x000019f3      0x48a output_Core_0\Mem_Test.c.o
 .debug_loc     0x00001e7d      0xa42 output_Core_0\printf.c.o
 .debug_loc     0x000028bf      0x147 output_Core_0\syscalls.c.o
 .debug_loc     0x00002a06      0x66c output_Core_0\TestMsgCore.c.o
 .debug_loc     0x00003072      0x75d output_Core_0\Utility.c.o

.debug_aranges  0x00000000      0x420
 .debug_aranges
                0x00000000       0x60 output_Core_0\main.c.o
 .debug_aranges
                0x00000060       0xd8 output_Core_0\MainMenu.c.o
 .debug_aranges
                0x00000138       0x28 output_Core_0\Mem_Test.c.o
 .debug_aranges
                0x00000160       0x90 output_Core_0\printf.c.o
 .debug_aranges
                0x000001f0       0x68 output_Core_0\syscalls.c.o
 .debug_aranges
                0x00000258       0xd8 output_Core_0\TestMsgCore.c.o
 .debug_aranges
                0x00000330       0xb0 output_Core_0\Utility.c.o
 .debug_aranges
                0x000003e0       0x20 output_Core_0\CPU1_Toggle.s.o
 .debug_aranges
                0x00000400       0x20 output_Core_0\startup_CA9.s.o

.debug_ranges   0x00000000      0x518
 .debug_ranges  0x00000000       0x68 output_Core_0\main.c.o
 .debug_ranges  0x00000068      0x118 output_Core_0\MainMenu.c.o
 .debug_ranges  0x00000180      0x138 output_Core_0\Mem_Test.c.o
 .debug_ranges  0x000002b8       0x80 output_Core_0\printf.c.o
 .debug_ranges  0x00000338       0x58 output_Core_0\syscalls.c.o
 .debug_ranges  0x00000390       0xe8 output_Core_0\TestMsgCore.c.o
 .debug_ranges  0x00000478       0xa0 output_Core_0\Utility.c.o

.debug_line     0x00000000     0x1ba3
 .debug_line    0x00000000      0x21d output_Core_0\main.c.o
 .debug_line    0x0000021d      0x940 output_Core_0\MainMenu.c.o
 .debug_line    0x00000b5d      0x362 output_Core_0\Mem_Test.c.o
 .debug_line    0x00000ebf      0x34b output_Core_0\printf.c.o
 .debug_line    0x0000120a      0x178 output_Core_0\syscalls.c.o
 .debug_line    0x00001382      0x47b output_Core_0\TestMsgCore.c.o
 .debug_line    0x000017fd      0x26f output_Core_0\Utility.c.o
 .debug_line    0x00001a6c       0x84 output_Core_0\CPU1_Toggle.s.o
 .debug_line    0x00001af0       0xb3 output_Core_0\startup_CA9.s.o

.debug_str      0x00000000     0x12b4
 .debug_str     0x00000000      0x30b output_Core_0\main.c.o
                                0x3bb (size before relaxing)
 .debug_str     0x0000030b      0x52b output_Core_0\MainMenu.c.o
                                0x78a (size before relaxing)
 .debug_str     0x00000836      0x1b7 output_Core_0\Mem_Test.c.o
                                0x2eb (size before relaxing)
 .debug_str     0x000009ed      0x47d output_Core_0\printf.c.o
                                0x652 (size before relaxing)
 .debug_str     0x00000e6a      0x113 output_Core_0\syscalls.c.o
                                0x2f8 (size before relaxing)
 .debug_str     0x00000f7d      0x20e output_Core_0\TestMsgCore.c.o
                                0x481 (size before relaxing)
 .debug_str     0x0000118b      0x129 output_Core_0\Utility.c.o
                                0x382 (size before relaxing)

.comment        0x00000000       0x70
 .comment       0x00000000       0x70 output_Core_0\main.c.o
                                 0x71 (size before relaxing)
 .comment       0x00000000       0x71 output_Core_0\MainMenu.c.o
 .comment       0x00000000       0x71 output_Core_0\Mem_Test.c.o
 .comment       0x00000000       0x71 output_Core_0\printf.c.o
 .comment       0x00000000       0x71 output_Core_0\syscalls.c.o
 .comment       0x00000000       0x71 output_Core_0\TestMsgCore.c.o
 .comment       0x00000000       0x71 output_Core_0\Utility.c.o

.ARM.attributes
                0x00000000       0x37
 .ARM.attributes
                0x00000000       0x39 output_Core_0\main.c.o
 .ARM.attributes
                0x00000039       0x39 output_Core_0\MainMenu.c.o
 .ARM.attributes
                0x00000072       0x35 output_Core_0\Mem_Test.c.o
 .ARM.attributes
                0x000000a7       0x39 output_Core_0\printf.c.o
 .ARM.attributes
                0x000000e0       0x39 output_Core_0\syscalls.c.o
 .ARM.attributes
                0x00000119       0x39 output_Core_0\TestMsgCore.c.o
 .ARM.attributes
                0x00000152       0x39 output_Core_0\Utility.c.o
 .ARM.attributes
                0x0000018b       0x27 output_Core_0\CPU1_Toggle.s.o
 .ARM.attributes
                0x000001b2       0x27 output_Core_0\startup_CA9.s.o
 .ARM.attributes
                0x000001d9       0x19 c:/program files (x86)/gnu tools arm embedded/4.9 2015q3/bin/../lib/gcc/arm-none-eabi/4.9.3/armv7-ar/thumb\libgcc.a(_udivsi3.o)
 .ARM.attributes
                0x000001f2       0x19 c:/program files (x86)/gnu tools arm embedded/4.9 2015q3/bin/../lib/gcc/arm-none-eabi/4.9.3/armv7-ar/thumb\libgcc.a(_divsi3.o)
 .ARM.attributes
                0x0000020b       0x19 c:/program files (x86)/gnu tools arm embedded/4.9 2015q3/bin/../lib/gcc/arm-none-eabi/4.9.3/armv7-ar/thumb\libgcc.a(_dvmd_tls.o)

.debug_frame    0x00000000      0xbc8
 .debug_frame   0x00000000      0x124 output_Core_0\main.c.o
 .debug_frame   0x00000124      0x2dc output_Core_0\MainMenu.c.o
 .debug_frame   0x00000400       0x68 output_Core_0\Mem_Test.c.o
 .debug_frame   0x00000468      0x194 output_Core_0\printf.c.o
 .debug_frame   0x000005fc       0xc0 output_Core_0\syscalls.c.o
 .debug_frame   0x000006bc      0x324 output_Core_0\TestMsgCore.c.o
 .debug_frame   0x000009e0      0x1a8 output_Core_0\Utility.c.o
 .debug_frame   0x00000b88       0x20 c:/program files (x86)/gnu tools arm embedded/4.9 2015q3/bin/../lib/gcc/arm-none-eabi/4.9.3/armv7-ar/thumb\libgcc.a(_udivsi3.o)
 .debug_frame   0x00000ba8       0x20 c:/program files (x86)/gnu tools arm embedded/4.9 2015q3/bin/../lib/gcc/arm-none-eabi/4.9.3/armv7-ar/thumb\libgcc.a(_divsi3.o)

Cross Reference Table

Symbol                                            File
CL                                                output_Core_0\MainMenu.c.o
CPU1_Cmd                                          output_Core_0\CPU1_Toggle.s.o
                                                  output_Core_0\Mem_Test.c.o
                                                  output_Core_0\MainMenu.c.o
CPU1_Rev                                          output_Core_0\CPU1_Toggle.s.o
                                                  output_Core_0\MainMenu.c.o
CPU1_Toggle                                       output_Core_0\CPU1_Toggle.s.o
                                                  output_Core_0\MainMenu.c.o
CWL                                               output_Core_0\MainMenu.c.o
CheckForAbort                                     output_Core_0\MainMenu.c.o
Check_BMC_PLL                                     output_Core_0\main.c.o
                                                  output_Core_0\MainMenu.c.o
Check_Clocks                                      output_Core_0\main.c.o
DDR_MPR2_Expected                                 output_Core_0\Mem_Test.c.o
                                                  output_Core_0\MainMenu.c.o
DQ_to_INT                                         output_Core_0\MainMenu.c.o
DataAbortRoutine                                  output_Core_0\main.c.o
Dec_DQ_Trim                                       output_Core_0\MainMenu.c.o
DisplayInfo                                       output_Core_0\MainMenu.c.o
Error                                             output_Core_0\Utility.c.o
FiqRoutine                                        output_Core_0\main.c.o
GetChar                                           output_Core_0\TestMsgCore.c.o
                                                  output_Core_0\MainMenu.c.o
GetRandSeed                                       output_Core_0\Utility.c.o
GetString                                         output_Core_0\TestMsgCore.c.o
GetUserParam_HEX_32BIT                            output_Core_0\TestMsgCore.c.o
GetUserParam_HEX_8BIT                             output_Core_0\TestMsgCore.c.o
GetUserParam_INT_32BIT                            output_Core_0\TestMsgCore.c.o
Get_CPU_ID_CODE                                   output_Core_0\Utility.c.o
Get_MPCore_ID                                     output_Core_0\Utility.c.o
Golden_Numbers                                    output_Core_0\Mem_Test.c.o
INT_to_DQ                                         output_Core_0\MainMenu.c.o
Inc_DQ_Trim                                       output_Core_0\MainMenu.c.o
InvalidateCache                                   output_Core_0\Utility.c.o
                                                  output_Core_0\main.c.o
IrqRoutine                                        output_Core_0\main.c.o
KbHit                                             output_Core_0\TestMsgCore.c.o
                                                  output_Core_0\MainMenu.c.o
LogError                                          output_Core_0\TestMsgCore.c.o
                                                  output_Core_0\Utility.c.o
                                                  output_Core_0\syscalls.c.o
                                                  output_Core_0\MainMenu.c.o
                                                  output_Core_0\main.c.o
LogHeader                                         output_Core_0\TestMsgCore.c.o
                                                  output_Core_0\MainMenu.c.o
                                                  output_Core_0\main.c.o
LogMessage                                        output_Core_0\TestMsgCore.c.o
                                                  output_Core_0\Utility.c.o
                                                  output_Core_0\syscalls.c.o
                                                  output_Core_0\MainMenu.c.o
                                                  output_Core_0\main.c.o
LogMessageColor                                   output_Core_0\TestMsgCore.c.o
                                                  output_Core_0\MainMenu.c.o
LogPass                                           output_Core_0\TestMsgCore.c.o
                                                  output_Core_0\Utility.c.o
                                                  output_Core_0\syscalls.c.o
                                                  output_Core_0\MainMenu.c.o
                                                  output_Core_0\main.c.o
LogTitle                                          output_Core_0\TestMsgCore.c.o
LogWarning                                        output_Core_0\TestMsgCore.c.o
                                                  output_Core_0\MainMenu.c.o
                                                  output_Core_0\main.c.o
MPR_Page2_Readout                                 output_Core_0\MainMenu.c.o
MPR_Readout_RawData                               output_Core_0\MainMenu.c.o
MainMenu                                          output_Core_0\MainMenu.c.o
                                                  output_Core_0\main.c.o
MemCmp                                            output_Core_0\Utility.c.o
                                                  output_Core_0\MainMenu.c.o
MemCpy                                            output_Core_0\Utility.c.o
                                                  output_Core_0\MainMenu.c.o
MemSet                                            output_Core_0\Utility.c.o
                                                  output_Core_0\MainMenu.c.o
MemStressTest                                     output_Core_0\Mem_Test.c.o
                                                  output_Core_0\MainMenu.c.o
MemoryCompare                                     output_Core_0\Mem_Test.c.o
                                                  output_Core_0\MainMenu.c.o
MemoryDumpB                                       output_Core_0\Utility.c.o
MemoryDumpB_Compare                               output_Core_0\Utility.c.o
MemoryDumpD                                       output_Core_0\Utility.c.o
MemoryDumpW                                       output_Core_0\Utility.c.o
MemoryDumpW_Compare                               output_Core_0\Utility.c.o
PLL0_Freq_In_KHz                                  output_Core_0\main.c.o
PLL1_Freq_In_KHz                                  output_Core_0\main.c.o
PLL2_Freq_In_KHz                                  output_Core_0\main.c.o
PrefetchAbortRoutine                              output_Core_0\main.c.o
RelocateTlbs                                      output_Core_0\MainMenu.c.o
SetColor                                          output_Core_0\TestMsgCore.c.o
SetRandSeed                                       output_Core_0\Utility.c.o
Sleep                                             output_Core_0\Utility.c.o
                                                  output_Core_0\TestMsgCore.c.o
                                                  output_Core_0\MainMenu.c.o
SvcRoutine                                        output_Core_0\main.c.o
Sweep_Trim_InputDQS_Offset                        output_Core_0\MainMenu.c.o
Sweep_Trim_InputDQ_Offset                         output_Core_0\MainMenu.c.o
Sweep_Trim_OutputDQ_Offset                        output_Core_0\MainMenu.c.o
TestInputMargin                                   output_Core_0\MainMenu.c.o
TestMsgInit                                       output_Core_0\TestMsgCore.c.o
TestOutputMargin                                  output_Core_0\MainMenu.c.o
UART_NUM_g                                        output_Core_0\TestMsgCore.c.o
UartInit                                          output_Core_0\TestMsgCore.c.o
UartReviceBuff                                    output_Core_0\TestMsgCore.c.o
UartSendBuff                                      output_Core_0\TestMsgCore.c.o
UartSendChar                                      output_Core_0\TestMsgCore.c.o
UartSendStr                                       output_Core_0\TestMsgCore.c.o
UartSetNum                                        output_Core_0\TestMsgCore.c.o
UartWaitForEmpty                                  output_Core_0\TestMsgCore.c.o
Uart_AutoDetect                                   output_Core_0\TestMsgCore.c.o
                                                  output_Core_0\main.c.o
UndefinedInstructionRoutine                       output_Core_0\main.c.o
VrefDQ_Convert_Step_to_mV                         output_Core_0\MainMenu.c.o
VrefDQ_Convert_mV_to_Step_Range                   output_Core_0\MainMenu.c.o
VrefDQ_Convert_to_Step                            output_Core_0\MainMenu.c.o
VrefDQ_Get_DRAM                                   output_Core_0\MainMenu.c.o
VrefDQ_Get_PHY                                    output_Core_0\MainMenu.c.o
VrefDQ_PHY_Test                                   output_Core_0\MainMenu.c.o
VrefDQ_Set_DRAM                                   output_Core_0\MainMenu.c.o
VrefDQ_Set_PHY                                    output_Core_0\MainMenu.c.o
WriteModeReg                                      output_Core_0\MainMenu.c.o
_Balloc                                           c:/program files (x86)/gnu tools arm embedded/4.9 2015q3/bin/../lib/gcc/arm-none-eabi/4.9.3/../../../../arm-none-eabi/lib/armv7-ar/thumb\libc.a(lib_a-mprec.o)
                                                  c:/program files (x86)/gnu tools arm embedded/4.9 2015q3/bin/../lib/gcc/arm-none-eabi/4.9.3/../../../../arm-none-eabi/lib/armv7-ar/thumb\libc.a(lib_a-gdtoa-gethex.o)
                                                  c:/program files (x86)/gnu tools arm embedded/4.9 2015q3/bin/../lib/gcc/arm-none-eabi/4.9.3/../../../../arm-none-eabi/lib/armv7-ar/thumb\libc.a(lib_a-strtod.o)
_Bfree                                            c:/program files (x86)/gnu tools arm embedded/4.9 2015q3/bin/../lib/gcc/arm-none-eabi/4.9.3/../../../../arm-none-eabi/lib/armv7-ar/thumb\libc.a(lib_a-mprec.o)
                                                  c:/program files (x86)/gnu tools arm embedded/4.9 2015q3/bin/../lib/gcc/arm-none-eabi/4.9.3/../../../../arm-none-eabi/lib/armv7-ar/thumb\libc.a(lib_a-gdtoa-gethex.o)
                                                  c:/program files (x86)/gnu tools arm embedded/4.9 2015q3/bin/../lib/gcc/arm-none-eabi/4.9.3/../../../../arm-none-eabi/lib/armv7-ar/thumb\libc.a(lib_a-strtod.o)
_GLOBAL_OFFSET_TABLE_                             output_Core_0\main.c.o
                                                  output_Core_0\TestMsgCore.c.o
                                                  output_Core_0\syscalls.c.o
                                                  output_Core_0\Mem_Test.c.o
                                                  output_Core_0\MainMenu.c.o
_PathLocale                                       c:/program files (x86)/gnu tools arm embedded/4.9 2015q3/bin/../lib/gcc/arm-none-eabi/4.9.3/../../../../arm-none-eabi/lib/armv7-ar/thumb\libc.a(lib_a-locale.o)
__StackLimit                                      output_Core_0\startup_CA9.s.o
__StackTop                                        output_Core_0\startup_CA9.s.o
__adddf3                                          c:/program files (x86)/gnu tools arm embedded/4.9 2015q3/bin/../lib/gcc/arm-none-eabi/4.9.3/armv7-ar/thumb\libgcc.a(_arm_addsubdf3.o)
__aeabi_cdcmpeq                                   c:/program files (x86)/gnu tools arm embedded/4.9 2015q3/bin/../lib/gcc/arm-none-eabi/4.9.3/armv7-ar/thumb\libgcc.a(_arm_cmpdf2.o)
__aeabi_cdcmple                                   c:/program files (x86)/gnu tools arm embedded/4.9 2015q3/bin/../lib/gcc/arm-none-eabi/4.9.3/armv7-ar/thumb\libgcc.a(_arm_cmpdf2.o)
__aeabi_cdrcmple                                  c:/program files (x86)/gnu tools arm embedded/4.9 2015q3/bin/../lib/gcc/arm-none-eabi/4.9.3/armv7-ar/thumb\libgcc.a(_arm_cmpdf2.o)
__aeabi_d2f                                       c:/program files (x86)/gnu tools arm embedded/4.9 2015q3/bin/../lib/gcc/arm-none-eabi/4.9.3/armv7-ar/thumb\libgcc.a(_arm_truncdfsf2.o)
                                                  c:/program files (x86)/gnu tools arm embedded/4.9 2015q3/bin/../lib/gcc/arm-none-eabi/4.9.3/../../../../arm-none-eabi/lib/armv7-ar/thumb\libc.a(lib_a-strtod.o)
                                                  c:/program files (x86)/gnu tools arm embedded/4.9 2015q3/bin/../lib/gcc/arm-none-eabi/4.9.3/../../../../arm-none-eabi/lib/armv7-ar/thumb\libc.a(lib_a-svfscanf.o)
__aeabi_d2iz                                      c:/program files (x86)/gnu tools arm embedded/4.9 2015q3/bin/../lib/gcc/arm-none-eabi/4.9.3/armv7-ar/thumb\libgcc.a(_arm_fixdfsi.o)
                                                  c:/program files (x86)/gnu tools arm embedded/4.9 2015q3/bin/../lib/gcc/arm-none-eabi/4.9.3/../../../../arm-none-eabi/lib/armv7-ar/thumb\libc.a(lib_a-strtod.o)
__aeabi_d2uiz                                     c:/program files (x86)/gnu tools arm embedded/4.9 2015q3/bin/../lib/gcc/arm-none-eabi/4.9.3/armv7-ar/thumb\libgcc.a(_arm_fixunsdfsi.o)
                                                  c:/program files (x86)/gnu tools arm embedded/4.9 2015q3/bin/../lib/gcc/arm-none-eabi/4.9.3/../../../../arm-none-eabi/lib/armv7-ar/thumb\libc.a(lib_a-strtod.o)
__aeabi_dadd                                      c:/program files (x86)/gnu tools arm embedded/4.9 2015q3/bin/../lib/gcc/arm-none-eabi/4.9.3/armv7-ar/thumb\libgcc.a(_arm_addsubdf3.o)
                                                  c:/program files (x86)/gnu tools arm embedded/4.9 2015q3/bin/../lib/gcc/arm-none-eabi/4.9.3/../../../../arm-none-eabi/lib/armv7-ar/thumb\libc.a(lib_a-strtod.o)
__aeabi_dcmpeq                                    c:/program files (x86)/gnu tools arm embedded/4.9 2015q3/bin/../lib/gcc/arm-none-eabi/4.9.3/armv7-ar/thumb\libgcc.a(_arm_cmpdf2.o)
                                                  c:/program files (x86)/gnu tools arm embedded/4.9 2015q3/bin/../lib/gcc/arm-none-eabi/4.9.3/../../../../arm-none-eabi/lib/armv7-ar/thumb\libc.a(lib_a-strtod.o)
__aeabi_dcmpge                                    c:/program files (x86)/gnu tools arm embedded/4.9 2015q3/bin/../lib/gcc/arm-none-eabi/4.9.3/armv7-ar/thumb\libgcc.a(_arm_cmpdf2.o)
__aeabi_dcmpgt                                    c:/program files (x86)/gnu tools arm embedded/4.9 2015q3/bin/../lib/gcc/arm-none-eabi/4.9.3/armv7-ar/thumb\libgcc.a(_arm_cmpdf2.o)
                                                  c:/program files (x86)/gnu tools arm embedded/4.9 2015q3/bin/../lib/gcc/arm-none-eabi/4.9.3/../../../../arm-none-eabi/lib/armv7-ar/thumb\libc.a(lib_a-strtod.o)
__aeabi_dcmple                                    c:/program files (x86)/gnu tools arm embedded/4.9 2015q3/bin/../lib/gcc/arm-none-eabi/4.9.3/armv7-ar/thumb\libgcc.a(_arm_cmpdf2.o)
                                                  c:/program files (x86)/gnu tools arm embedded/4.9 2015q3/bin/../lib/gcc/arm-none-eabi/4.9.3/../../../../arm-none-eabi/lib/armv7-ar/thumb\libc.a(lib_a-strtod.o)
__aeabi_dcmplt                                    c:/program files (x86)/gnu tools arm embedded/4.9 2015q3/bin/../lib/gcc/arm-none-eabi/4.9.3/armv7-ar/thumb\libgcc.a(_arm_cmpdf2.o)
                                                  c:/program files (x86)/gnu tools arm embedded/4.9 2015q3/bin/../lib/gcc/arm-none-eabi/4.9.3/../../../../arm-none-eabi/lib/armv7-ar/thumb\libc.a(lib_a-strtod.o)
__aeabi_ddiv                                      c:/program files (x86)/gnu tools arm embedded/4.9 2015q3/bin/../lib/gcc/arm-none-eabi/4.9.3/armv7-ar/thumb\libgcc.a(_arm_muldivdf3.o)
                                                  c:/program files (x86)/gnu tools arm embedded/4.9 2015q3/bin/../lib/gcc/arm-none-eabi/4.9.3/../../../../arm-none-eabi/lib/armv7-ar/thumb\libc.a(lib_a-mprec.o)
                                                  c:/program files (x86)/gnu tools arm embedded/4.9 2015q3/bin/../lib/gcc/arm-none-eabi/4.9.3/../../../../arm-none-eabi/lib/armv7-ar/thumb\libc.a(lib_a-strtod.o)
__aeabi_dmul                                      c:/program files (x86)/gnu tools arm embedded/4.9 2015q3/bin/../lib/gcc/arm-none-eabi/4.9.3/armv7-ar/thumb\libgcc.a(_arm_muldivdf3.o)
                                                  c:/program files (x86)/gnu tools arm embedded/4.9 2015q3/bin/../lib/gcc/arm-none-eabi/4.9.3/../../../../arm-none-eabi/lib/armv7-ar/thumb\libc.a(lib_a-mprec.o)
                                                  c:/program files (x86)/gnu tools arm embedded/4.9 2015q3/bin/../lib/gcc/arm-none-eabi/4.9.3/../../../../arm-none-eabi/lib/armv7-ar/thumb\libc.a(lib_a-strtod.o)
__aeabi_drsub                                     c:/program files (x86)/gnu tools arm embedded/4.9 2015q3/bin/../lib/gcc/arm-none-eabi/4.9.3/armv7-ar/thumb\libgcc.a(_arm_addsubdf3.o)
__aeabi_dsub                                      c:/program files (x86)/gnu tools arm embedded/4.9 2015q3/bin/../lib/gcc/arm-none-eabi/4.9.3/armv7-ar/thumb\libgcc.a(_arm_addsubdf3.o)
                                                  c:/program files (x86)/gnu tools arm embedded/4.9 2015q3/bin/../lib/gcc/arm-none-eabi/4.9.3/../../../../arm-none-eabi/lib/armv7-ar/thumb\libc.a(lib_a-strtod.o)
__aeabi_f2d                                       c:/program files (x86)/gnu tools arm embedded/4.9 2015q3/bin/../lib/gcc/arm-none-eabi/4.9.3/armv7-ar/thumb\libgcc.a(_arm_addsubdf3.o)
__aeabi_i2d                                       c:/program files (x86)/gnu tools arm embedded/4.9 2015q3/bin/../lib/gcc/arm-none-eabi/4.9.3/armv7-ar/thumb\libgcc.a(_arm_addsubdf3.o)
                                                  c:/program files (x86)/gnu tools arm embedded/4.9 2015q3/bin/../lib/gcc/arm-none-eabi/4.9.3/../../../../arm-none-eabi/lib/armv7-ar/thumb\libc.a(lib_a-strtod.o)
__aeabi_idiv                                      c:/program files (x86)/gnu tools arm embedded/4.9 2015q3/bin/../lib/gcc/arm-none-eabi/4.9.3/armv7-ar/thumb\libgcc.a(_divsi3.o)
                                                  output_Core_0\MainMenu.c.o
__aeabi_idiv0                                     c:/program files (x86)/gnu tools arm embedded/4.9 2015q3/bin/../lib/gcc/arm-none-eabi/4.9.3/armv7-ar/thumb\libgcc.a(_dvmd_tls.o)
                                                  c:/program files (x86)/gnu tools arm embedded/4.9 2015q3/bin/../lib/gcc/arm-none-eabi/4.9.3/armv7-ar/thumb\libgcc.a(_divsi3.o)
                                                  c:/program files (x86)/gnu tools arm embedded/4.9 2015q3/bin/../lib/gcc/arm-none-eabi/4.9.3/armv7-ar/thumb\libgcc.a(_udivsi3.o)
__aeabi_idivmod                                   c:/program files (x86)/gnu tools arm embedded/4.9 2015q3/bin/../lib/gcc/arm-none-eabi/4.9.3/armv7-ar/thumb\libgcc.a(_divsi3.o)
__aeabi_l2d                                       c:/program files (x86)/gnu tools arm embedded/4.9 2015q3/bin/../lib/gcc/arm-none-eabi/4.9.3/armv7-ar/thumb\libgcc.a(_arm_addsubdf3.o)
__aeabi_ldiv0                                     c:/program files (x86)/gnu tools arm embedded/4.9 2015q3/bin/../lib/gcc/arm-none-eabi/4.9.3/armv7-ar/thumb\libgcc.a(_dvmd_tls.o)
                                                  c:/program files (x86)/gnu tools arm embedded/4.9 2015q3/bin/../lib/gcc/arm-none-eabi/4.9.3/armv7-ar/thumb\libgcc.a(_aeabi_uldivmod.o)
__aeabi_ui2d                                      c:/program files (x86)/gnu tools arm embedded/4.9 2015q3/bin/../lib/gcc/arm-none-eabi/4.9.3/armv7-ar/thumb\libgcc.a(_arm_addsubdf3.o)
                                                  c:/program files (x86)/gnu tools arm embedded/4.9 2015q3/bin/../lib/gcc/arm-none-eabi/4.9.3/../../../../arm-none-eabi/lib/armv7-ar/thumb\libc.a(lib_a-strtod.o)
__aeabi_uidiv                                     c:/program files (x86)/gnu tools arm embedded/4.9 2015q3/bin/../lib/gcc/arm-none-eabi/4.9.3/armv7-ar/thumb\libgcc.a(_udivsi3.o)
                                                  c:/program files (x86)/gnu tools arm embedded/4.9 2015q3/bin/../lib/gcc/arm-none-eabi/4.9.3/../../../../arm-none-eabi/lib/armv7-ar/thumb\libc.a(lib_a-svfiscanf.o)
                                                  c:/program files (x86)/gnu tools arm embedded/4.9 2015q3/bin/../lib/gcc/arm-none-eabi/4.9.3/../../../../arm-none-eabi/lib/armv7-ar/thumb\libc.a(lib_a-strtoul.o)
                                                  c:/program files (x86)/gnu tools arm embedded/4.9 2015q3/bin/../lib/gcc/arm-none-eabi/4.9.3/../../../../arm-none-eabi/lib/armv7-ar/thumb\libc.a(lib_a-strtol.o)
                                                  output_Core_0\main.c.o
__aeabi_uidivmod                                  c:/program files (x86)/gnu tools arm embedded/4.9 2015q3/bin/../lib/gcc/arm-none-eabi/4.9.3/armv7-ar/thumb\libgcc.a(_udivsi3.o)
                                                  c:/program files (x86)/gnu tools arm embedded/4.9 2015q3/bin/../lib/gcc/arm-none-eabi/4.9.3/../../../../arm-none-eabi/lib/armv7-ar/thumb\libc.a(lib_a-strtoul.o)
                                                  c:/program files (x86)/gnu tools arm embedded/4.9 2015q3/bin/../lib/gcc/arm-none-eabi/4.9.3/../../../../arm-none-eabi/lib/armv7-ar/thumb\libc.a(lib_a-strtol.o)
__aeabi_ul2d                                      c:/program files (x86)/gnu tools arm embedded/4.9 2015q3/bin/../lib/gcc/arm-none-eabi/4.9.3/armv7-ar/thumb\libgcc.a(_arm_addsubdf3.o)
__aeabi_uldivmod                                  c:/program files (x86)/gnu tools arm embedded/4.9 2015q3/bin/../lib/gcc/arm-none-eabi/4.9.3/armv7-ar/thumb\libgcc.a(_aeabi_uldivmod.o)
                                                  c:/program files (x86)/gnu tools arm embedded/4.9 2015q3/bin/../lib/gcc/arm-none-eabi/4.9.3/../../../../arm-none-eabi/lib/armv7-ar/thumb\libc.a(lib_a-strtoull_r.o)
                                                  c:/program files (x86)/gnu tools arm embedded/4.9 2015q3/bin/../lib/gcc/arm-none-eabi/4.9.3/../../../../arm-none-eabi/lib/armv7-ar/thumb\libc.a(lib_a-strtoll_r.o)
__any_on                                          c:/program files (x86)/gnu tools arm embedded/4.9 2015q3/bin/../lib/gcc/arm-none-eabi/4.9.3/../../../../arm-none-eabi/lib/armv7-ar/thumb\libc.a(lib_a-mprec.o)
                                                  c:/program files (x86)/gnu tools arm embedded/4.9 2015q3/bin/../lib/gcc/arm-none-eabi/4.9.3/../../../../arm-none-eabi/lib/armv7-ar/thumb\libc.a(lib_a-gdtoa-gethex.o)
__ascii_mbtowc                                    c:/program files (x86)/gnu tools arm embedded/4.9 2015q3/bin/../lib/gcc/arm-none-eabi/4.9.3/../../../../arm-none-eabi/lib/armv7-ar/thumb\libc.a(lib_a-mbtowc_r.o)
__b2d                                             c:/program files (x86)/gnu tools arm embedded/4.9 2015q3/bin/../lib/gcc/arm-none-eabi/4.9.3/../../../../arm-none-eabi/lib/armv7-ar/thumb\libc.a(lib_a-mprec.o)
__bss_end__                                       output_Core_0\startup_CA9.s.o
__bss_start__                                     output_Core_0\startup_CA9.s.o
__cmpdf2                                          c:/program files (x86)/gnu tools arm embedded/4.9 2015q3/bin/../lib/gcc/arm-none-eabi/4.9.3/armv7-ar/thumb\libgcc.a(_arm_cmpdf2.o)
__copybits                                        c:/program files (x86)/gnu tools arm embedded/4.9 2015q3/bin/../lib/gcc/arm-none-eabi/4.9.3/../../../../arm-none-eabi/lib/armv7-ar/thumb\libc.a(lib_a-mprec.o)
                                                  c:/program files (x86)/gnu tools arm embedded/4.9 2015q3/bin/../lib/gcc/arm-none-eabi/4.9.3/../../../../arm-none-eabi/lib/armv7-ar/thumb\libc.a(lib_a-strtod.o)
__ctype_ptr__                                     c:/program files (x86)/gnu tools arm embedded/4.9 2015q3/bin/../lib/gcc/arm-none-eabi/4.9.3/../../../../arm-none-eabi/lib/armv7-ar/thumb\libc.a(lib_a-ctype_.o)
                                                  c:/program files (x86)/gnu tools arm embedded/4.9 2015q3/bin/../lib/gcc/arm-none-eabi/4.9.3/../../../../arm-none-eabi/lib/armv7-ar/thumb\libc.a(lib_a-svfiscanf.o)
                                                  c:/program files (x86)/gnu tools arm embedded/4.9 2015q3/bin/../lib/gcc/arm-none-eabi/4.9.3/../../../../arm-none-eabi/lib/armv7-ar/thumb\libc.a(lib_a-strtoull_r.o)
                                                  c:/program files (x86)/gnu tools arm embedded/4.9 2015q3/bin/../lib/gcc/arm-none-eabi/4.9.3/../../../../arm-none-eabi/lib/armv7-ar/thumb\libc.a(lib_a-strtoul.o)
                                                  c:/program files (x86)/gnu tools arm embedded/4.9 2015q3/bin/../lib/gcc/arm-none-eabi/4.9.3/../../../../arm-none-eabi/lib/armv7-ar/thumb\libc.a(lib_a-strtoll_r.o)
                                                  c:/program files (x86)/gnu tools arm embedded/4.9 2015q3/bin/../lib/gcc/arm-none-eabi/4.9.3/../../../../arm-none-eabi/lib/armv7-ar/thumb\libc.a(lib_a-strtol.o)
                                                  c:/program files (x86)/gnu tools arm embedded/4.9 2015q3/bin/../lib/gcc/arm-none-eabi/4.9.3/../../../../arm-none-eabi/lib/armv7-ar/thumb\libc.a(lib_a-iswspace.o)
                                                  c:/program files (x86)/gnu tools arm embedded/4.9 2015q3/bin/../lib/gcc/arm-none-eabi/4.9.3/../../../../arm-none-eabi/lib/armv7-ar/thumb\libc.a(lib_a-svfscanf.o)
__d2b                                             c:/program files (x86)/gnu tools arm embedded/4.9 2015q3/bin/../lib/gcc/arm-none-eabi/4.9.3/../../../../arm-none-eabi/lib/armv7-ar/thumb\libc.a(lib_a-mprec.o)
                                                  c:/program files (x86)/gnu tools arm embedded/4.9 2015q3/bin/../lib/gcc/arm-none-eabi/4.9.3/../../../../arm-none-eabi/lib/armv7-ar/thumb\libc.a(lib_a-strtod.o)
__divdf3                                          c:/program files (x86)/gnu tools arm embedded/4.9 2015q3/bin/../lib/gcc/arm-none-eabi/4.9.3/armv7-ar/thumb\libgcc.a(_arm_muldivdf3.o)
__divdi3                                          c:/program files (x86)/gnu tools arm embedded/4.9 2015q3/bin/../lib/gcc/arm-none-eabi/4.9.3/armv7-ar/thumb\libgcc.a(_divdi3.o)
                                                  c:/program files (x86)/gnu tools arm embedded/4.9 2015q3/bin/../lib/gcc/arm-none-eabi/4.9.3/armv7-ar/thumb\libgcc.a(bpabi.o)
__divsi3                                          c:/program files (x86)/gnu tools arm embedded/4.9 2015q3/bin/../lib/gcc/arm-none-eabi/4.9.3/armv7-ar/thumb\libgcc.a(_divsi3.o)
__eqdf2                                           c:/program files (x86)/gnu tools arm embedded/4.9 2015q3/bin/../lib/gcc/arm-none-eabi/4.9.3/armv7-ar/thumb\libgcc.a(_arm_cmpdf2.o)
__extendsfdf2                                     c:/program files (x86)/gnu tools arm embedded/4.9 2015q3/bin/../lib/gcc/arm-none-eabi/4.9.3/armv7-ar/thumb\libgcc.a(_arm_addsubdf3.o)
__fixdfsi                                         c:/program files (x86)/gnu tools arm embedded/4.9 2015q3/bin/../lib/gcc/arm-none-eabi/4.9.3/armv7-ar/thumb\libgcc.a(_arm_fixdfsi.o)
__fixunsdfsi                                      c:/program files (x86)/gnu tools arm embedded/4.9 2015q3/bin/../lib/gcc/arm-none-eabi/4.9.3/armv7-ar/thumb\libgcc.a(_arm_fixunsdfsi.o)
__floatdidf                                       c:/program files (x86)/gnu tools arm embedded/4.9 2015q3/bin/../lib/gcc/arm-none-eabi/4.9.3/armv7-ar/thumb\libgcc.a(_arm_addsubdf3.o)
__floatsidf                                       c:/program files (x86)/gnu tools arm embedded/4.9 2015q3/bin/../lib/gcc/arm-none-eabi/4.9.3/armv7-ar/thumb\libgcc.a(_arm_addsubdf3.o)
__floatundidf                                     c:/program files (x86)/gnu tools arm embedded/4.9 2015q3/bin/../lib/gcc/arm-none-eabi/4.9.3/armv7-ar/thumb\libgcc.a(_arm_addsubdf3.o)
__floatunsidf                                     c:/program files (x86)/gnu tools arm embedded/4.9 2015q3/bin/../lib/gcc/arm-none-eabi/4.9.3/armv7-ar/thumb\libgcc.a(_arm_addsubdf3.o)
__fp_lock_all                                     c:/program files (x86)/gnu tools arm embedded/4.9 2015q3/bin/../lib/gcc/arm-none-eabi/4.9.3/../../../../arm-none-eabi/lib/armv7-ar/thumb\libc.a(lib_a-findfp.o)
__fp_unlock_all                                   c:/program files (x86)/gnu tools arm embedded/4.9 2015q3/bin/../lib/gcc/arm-none-eabi/4.9.3/../../../../arm-none-eabi/lib/armv7-ar/thumb\libc.a(lib_a-findfp.o)
__fpclassifyd                                     c:/program files (x86)/gnu tools arm embedded/4.9 2015q3/bin/../lib/gcc/arm-none-eabi/4.9.3/../../../../arm-none-eabi/lib/armv7-ar/thumb\libc.a(lib_a-s_fpclassify.o)
                                                  c:/program files (x86)/gnu tools arm embedded/4.9 2015q3/bin/../lib/gcc/arm-none-eabi/4.9.3/../../../../arm-none-eabi/lib/armv7-ar/thumb\libc.a(lib_a-strtod.o)
                                                  c:/program files (x86)/gnu tools arm embedded/4.9 2015q3/bin/../lib/gcc/arm-none-eabi/4.9.3/../../../../arm-none-eabi/lib/armv7-ar/thumb\libc.a(lib_a-svfscanf.o)
__gedf2                                           c:/program files (x86)/gnu tools arm embedded/4.9 2015q3/bin/../lib/gcc/arm-none-eabi/4.9.3/armv7-ar/thumb\libgcc.a(_arm_cmpdf2.o)
__gethex                                          c:/program files (x86)/gnu tools arm embedded/4.9 2015q3/bin/../lib/gcc/arm-none-eabi/4.9.3/../../../../arm-none-eabi/lib/armv7-ar/thumb\libc.a(lib_a-gdtoa-gethex.o)
                                                  c:/program files (x86)/gnu tools arm embedded/4.9 2015q3/bin/../lib/gcc/arm-none-eabi/4.9.3/../../../../arm-none-eabi/lib/armv7-ar/thumb\libc.a(lib_a-strtod.o)
__gnu_ldivmod_helper                              c:/program files (x86)/gnu tools arm embedded/4.9 2015q3/bin/../lib/gcc/arm-none-eabi/4.9.3/armv7-ar/thumb\libgcc.a(bpabi.o)
__gnu_uldivmod_helper                             c:/program files (x86)/gnu tools arm embedded/4.9 2015q3/bin/../lib/gcc/arm-none-eabi/4.9.3/armv7-ar/thumb\libgcc.a(bpabi.o)
                                                  c:/program files (x86)/gnu tools arm embedded/4.9 2015q3/bin/../lib/gcc/arm-none-eabi/4.9.3/armv7-ar/thumb\libgcc.a(_aeabi_uldivmod.o)
__gtdf2                                           c:/program files (x86)/gnu tools arm embedded/4.9 2015q3/bin/../lib/gcc/arm-none-eabi/4.9.3/armv7-ar/thumb\libgcc.a(_arm_cmpdf2.o)
__hexdig                                          c:/program files (x86)/gnu tools arm embedded/4.9 2015q3/bin/../lib/gcc/arm-none-eabi/4.9.3/../../../../arm-none-eabi/lib/armv7-ar/thumb\libc.a(lib_a-gdtoa-gethex.o)
                                                  c:/program files (x86)/gnu tools arm embedded/4.9 2015q3/bin/../lib/gcc/arm-none-eabi/4.9.3/../../../../arm-none-eabi/lib/armv7-ar/thumb\libc.a(lib_a-gdtoa-hexnan.o)
__hexnan                                          c:/program files (x86)/gnu tools arm embedded/4.9 2015q3/bin/../lib/gcc/arm-none-eabi/4.9.3/../../../../arm-none-eabi/lib/armv7-ar/thumb\libc.a(lib_a-gdtoa-hexnan.o)
                                                  c:/program files (x86)/gnu tools arm embedded/4.9 2015q3/bin/../lib/gcc/arm-none-eabi/4.9.3/../../../../arm-none-eabi/lib/armv7-ar/thumb\libc.a(lib_a-strtod.o)
__hi0bits                                         c:/program files (x86)/gnu tools arm embedded/4.9 2015q3/bin/../lib/gcc/arm-none-eabi/4.9.3/../../../../arm-none-eabi/lib/armv7-ar/thumb\libc.a(lib_a-mprec.o)
                                                  c:/program files (x86)/gnu tools arm embedded/4.9 2015q3/bin/../lib/gcc/arm-none-eabi/4.9.3/../../../../arm-none-eabi/lib/armv7-ar/thumb\libc.a(lib_a-gdtoa-gethex.o)
__i2b                                             c:/program files (x86)/gnu tools arm embedded/4.9 2015q3/bin/../lib/gcc/arm-none-eabi/4.9.3/../../../../arm-none-eabi/lib/armv7-ar/thumb\libc.a(lib_a-mprec.o)
                                                  c:/program files (x86)/gnu tools arm embedded/4.9 2015q3/bin/../lib/gcc/arm-none-eabi/4.9.3/../../../../arm-none-eabi/lib/armv7-ar/thumb\libc.a(lib_a-strtod.o)
__ledf2                                           c:/program files (x86)/gnu tools arm embedded/4.9 2015q3/bin/../lib/gcc/arm-none-eabi/4.9.3/armv7-ar/thumb\libgcc.a(_arm_cmpdf2.o)
__lo0bits                                         c:/program files (x86)/gnu tools arm embedded/4.9 2015q3/bin/../lib/gcc/arm-none-eabi/4.9.3/../../../../arm-none-eabi/lib/armv7-ar/thumb\libc.a(lib_a-mprec.o)
__locale_charset                                  c:/program files (x86)/gnu tools arm embedded/4.9 2015q3/bin/../lib/gcc/arm-none-eabi/4.9.3/../../../../arm-none-eabi/lib/armv7-ar/thumb\libc.a(lib_a-locale.o)
                                                  c:/program files (x86)/gnu tools arm embedded/4.9 2015q3/bin/../lib/gcc/arm-none-eabi/4.9.3/../../../../arm-none-eabi/lib/armv7-ar/thumb\libc.a(lib_a-mbtowc_r.o)
                                                  c:/program files (x86)/gnu tools arm embedded/4.9 2015q3/bin/../lib/gcc/arm-none-eabi/4.9.3/../../../../arm-none-eabi/lib/armv7-ar/thumb\libc.a(lib_a-mbrtowc.o)
__locale_cjk_lang                                 c:/program files (x86)/gnu tools arm embedded/4.9 2015q3/bin/../lib/gcc/arm-none-eabi/4.9.3/../../../../arm-none-eabi/lib/armv7-ar/thumb\libc.a(lib_a-locale.o)
__locale_mb_cur_max                               c:/program files (x86)/gnu tools arm embedded/4.9 2015q3/bin/../lib/gcc/arm-none-eabi/4.9.3/../../../../arm-none-eabi/lib/armv7-ar/thumb\libc.a(lib_a-locale.o)
                                                  c:/program files (x86)/gnu tools arm embedded/4.9 2015q3/bin/../lib/gcc/arm-none-eabi/4.9.3/../../../../arm-none-eabi/lib/armv7-ar/thumb\libc.a(lib_a-svfiscanf.o)
                                                  c:/program files (x86)/gnu tools arm embedded/4.9 2015q3/bin/../lib/gcc/arm-none-eabi/4.9.3/../../../../arm-none-eabi/lib/armv7-ar/thumb\libc.a(lib_a-svfscanf.o)
__locale_msgcharset                               c:/program files (x86)/gnu tools arm embedded/4.9 2015q3/bin/../lib/gcc/arm-none-eabi/4.9.3/../../../../arm-none-eabi/lib/armv7-ar/thumb\libc.a(lib_a-locale.o)
__lshift                                          c:/program files (x86)/gnu tools arm embedded/4.9 2015q3/bin/../lib/gcc/arm-none-eabi/4.9.3/../../../../arm-none-eabi/lib/armv7-ar/thumb\libc.a(lib_a-mprec.o)
                                                  c:/program files (x86)/gnu tools arm embedded/4.9 2015q3/bin/../lib/gcc/arm-none-eabi/4.9.3/../../../../arm-none-eabi/lib/armv7-ar/thumb\libc.a(lib_a-gdtoa-gethex.o)
                                                  c:/program files (x86)/gnu tools arm embedded/4.9 2015q3/bin/../lib/gcc/arm-none-eabi/4.9.3/../../../../arm-none-eabi/lib/armv7-ar/thumb\libc.a(lib_a-strtod.o)
__ltdf2                                           c:/program files (x86)/gnu tools arm embedded/4.9 2015q3/bin/../lib/gcc/arm-none-eabi/4.9.3/armv7-ar/thumb\libgcc.a(_arm_cmpdf2.o)
__malloc_av_                                      c:/program files (x86)/gnu tools arm embedded/4.9 2015q3/bin/../lib/gcc/arm-none-eabi/4.9.3/../../../../arm-none-eabi/lib/armv7-ar/thumb\libc.a(lib_a-mallocr.o)
                                                  c:/program files (x86)/gnu tools arm embedded/4.9 2015q3/bin/../lib/gcc/arm-none-eabi/4.9.3/../../../../arm-none-eabi/lib/armv7-ar/thumb\libc.a(lib_a-reallocr.o)
                                                  c:/program files (x86)/gnu tools arm embedded/4.9 2015q3/bin/../lib/gcc/arm-none-eabi/4.9.3/../../../../arm-none-eabi/lib/armv7-ar/thumb\libc.a(lib_a-freer.o)
__malloc_current_mallinfo                         c:/program files (x86)/gnu tools arm embedded/4.9 2015q3/bin/../lib/gcc/arm-none-eabi/4.9.3/../../../../arm-none-eabi/lib/armv7-ar/thumb\libc.a(lib_a-mallocr.o)
                                                  c:/program files (x86)/gnu tools arm embedded/4.9 2015q3/bin/../lib/gcc/arm-none-eabi/4.9.3/../../../../arm-none-eabi/lib/armv7-ar/thumb\libc.a(lib_a-freer.o)
__malloc_lock                                     c:/program files (x86)/gnu tools arm embedded/4.9 2015q3/bin/../lib/gcc/arm-none-eabi/4.9.3/../../../../arm-none-eabi/lib/armv7-ar/thumb\libc.a(lib_a-mlock.o)
                                                  c:/program files (x86)/gnu tools arm embedded/4.9 2015q3/bin/../lib/gcc/arm-none-eabi/4.9.3/../../../../arm-none-eabi/lib/armv7-ar/thumb\libc.a(lib_a-reallocr.o)
                                                  c:/program files (x86)/gnu tools arm embedded/4.9 2015q3/bin/../lib/gcc/arm-none-eabi/4.9.3/../../../../arm-none-eabi/lib/armv7-ar/thumb\libc.a(lib_a-mallocr.o)
                                                  c:/program files (x86)/gnu tools arm embedded/4.9 2015q3/bin/../lib/gcc/arm-none-eabi/4.9.3/../../../../arm-none-eabi/lib/armv7-ar/thumb\libc.a(lib_a-freer.o)
__malloc_max_sbrked_mem                           c:/program files (x86)/gnu tools arm embedded/4.9 2015q3/bin/../lib/gcc/arm-none-eabi/4.9.3/../../../../arm-none-eabi/lib/armv7-ar/thumb\libc.a(lib_a-mallocr.o)
__malloc_max_total_mem                            c:/program files (x86)/gnu tools arm embedded/4.9 2015q3/bin/../lib/gcc/arm-none-eabi/4.9.3/../../../../arm-none-eabi/lib/armv7-ar/thumb\libc.a(lib_a-mallocr.o)
__malloc_sbrk_base                                c:/program files (x86)/gnu tools arm embedded/4.9 2015q3/bin/../lib/gcc/arm-none-eabi/4.9.3/../../../../arm-none-eabi/lib/armv7-ar/thumb\libc.a(lib_a-mallocr.o)
                                                  c:/program files (x86)/gnu tools arm embedded/4.9 2015q3/bin/../lib/gcc/arm-none-eabi/4.9.3/../../../../arm-none-eabi/lib/armv7-ar/thumb\libc.a(lib_a-freer.o)
__malloc_top_pad                                  c:/program files (x86)/gnu tools arm embedded/4.9 2015q3/bin/../lib/gcc/arm-none-eabi/4.9.3/../../../../arm-none-eabi/lib/armv7-ar/thumb\libc.a(lib_a-mallocr.o)
                                                  c:/program files (x86)/gnu tools arm embedded/4.9 2015q3/bin/../lib/gcc/arm-none-eabi/4.9.3/../../../../arm-none-eabi/lib/armv7-ar/thumb\libc.a(lib_a-freer.o)
__malloc_trim_threshold                           c:/program files (x86)/gnu tools arm embedded/4.9 2015q3/bin/../lib/gcc/arm-none-eabi/4.9.3/../../../../arm-none-eabi/lib/armv7-ar/thumb\libc.a(lib_a-mallocr.o)
                                                  c:/program files (x86)/gnu tools arm embedded/4.9 2015q3/bin/../lib/gcc/arm-none-eabi/4.9.3/../../../../arm-none-eabi/lib/armv7-ar/thumb\libc.a(lib_a-freer.o)
__malloc_unlock                                   c:/program files (x86)/gnu tools arm embedded/4.9 2015q3/bin/../lib/gcc/arm-none-eabi/4.9.3/../../../../arm-none-eabi/lib/armv7-ar/thumb\libc.a(lib_a-mlock.o)
                                                  c:/program files (x86)/gnu tools arm embedded/4.9 2015q3/bin/../lib/gcc/arm-none-eabi/4.9.3/../../../../arm-none-eabi/lib/armv7-ar/thumb\libc.a(lib_a-reallocr.o)
                                                  c:/program files (x86)/gnu tools arm embedded/4.9 2015q3/bin/../lib/gcc/arm-none-eabi/4.9.3/../../../../arm-none-eabi/lib/armv7-ar/thumb\libc.a(lib_a-mallocr.o)
                                                  c:/program files (x86)/gnu tools arm embedded/4.9 2015q3/bin/../lib/gcc/arm-none-eabi/4.9.3/../../../../arm-none-eabi/lib/armv7-ar/thumb\libc.a(lib_a-freer.o)
__mb_cur_max                                      c:/program files (x86)/gnu tools arm embedded/4.9 2015q3/bin/../lib/gcc/arm-none-eabi/4.9.3/../../../../arm-none-eabi/lib/armv7-ar/thumb\libc.a(lib_a-locale.o)
__mbtowc                                          c:/program files (x86)/gnu tools arm embedded/4.9 2015q3/bin/../lib/gcc/arm-none-eabi/4.9.3/../../../../arm-none-eabi/lib/armv7-ar/thumb\libc.a(lib_a-mbtowc_r.o)
                                                  c:/program files (x86)/gnu tools arm embedded/4.9 2015q3/bin/../lib/gcc/arm-none-eabi/4.9.3/../../../../arm-none-eabi/lib/armv7-ar/thumb\libc.a(lib_a-mbrtowc.o)
__mcmp                                            c:/program files (x86)/gnu tools arm embedded/4.9 2015q3/bin/../lib/gcc/arm-none-eabi/4.9.3/../../../../arm-none-eabi/lib/armv7-ar/thumb\libc.a(lib_a-mprec.o)
                                                  c:/program files (x86)/gnu tools arm embedded/4.9 2015q3/bin/../lib/gcc/arm-none-eabi/4.9.3/../../../../arm-none-eabi/lib/armv7-ar/thumb\libc.a(lib_a-strtod.o)
__mdiff                                           c:/program files (x86)/gnu tools arm embedded/4.9 2015q3/bin/../lib/gcc/arm-none-eabi/4.9.3/../../../../arm-none-eabi/lib/armv7-ar/thumb\libc.a(lib_a-mprec.o)
                                                  c:/program files (x86)/gnu tools arm embedded/4.9 2015q3/bin/../lib/gcc/arm-none-eabi/4.9.3/../../../../arm-none-eabi/lib/armv7-ar/thumb\libc.a(lib_a-strtod.o)
__mlocale_changed                                 c:/program files (x86)/gnu tools arm embedded/4.9 2015q3/bin/../lib/gcc/arm-none-eabi/4.9.3/../../../../arm-none-eabi/lib/armv7-ar/thumb\libc.a(lib_a-locale.o)
__mprec_bigtens                                   c:/program files (x86)/gnu tools arm embedded/4.9 2015q3/bin/../lib/gcc/arm-none-eabi/4.9.3/../../../../arm-none-eabi/lib/armv7-ar/thumb\libc.a(lib_a-mprec.o)
                                                  c:/program files (x86)/gnu tools arm embedded/4.9 2015q3/bin/../lib/gcc/arm-none-eabi/4.9.3/../../../../arm-none-eabi/lib/armv7-ar/thumb\libc.a(lib_a-strtod.o)
__mprec_tens                                      c:/program files (x86)/gnu tools arm embedded/4.9 2015q3/bin/../lib/gcc/arm-none-eabi/4.9.3/../../../../arm-none-eabi/lib/armv7-ar/thumb\libc.a(lib_a-mprec.o)
                                                  c:/program files (x86)/gnu tools arm embedded/4.9 2015q3/bin/../lib/gcc/arm-none-eabi/4.9.3/../../../../arm-none-eabi/lib/armv7-ar/thumb\libc.a(lib_a-strtod.o)
__mprec_tinytens                                  c:/program files (x86)/gnu tools arm embedded/4.9 2015q3/bin/../lib/gcc/arm-none-eabi/4.9.3/../../../../arm-none-eabi/lib/armv7-ar/thumb\libc.a(lib_a-mprec.o)
__muldf3                                          c:/program files (x86)/gnu tools arm embedded/4.9 2015q3/bin/../lib/gcc/arm-none-eabi/4.9.3/armv7-ar/thumb\libgcc.a(_arm_muldivdf3.o)
__multadd                                         c:/program files (x86)/gnu tools arm embedded/4.9 2015q3/bin/../lib/gcc/arm-none-eabi/4.9.3/../../../../arm-none-eabi/lib/armv7-ar/thumb\libc.a(lib_a-mprec.o)
__multiply                                        c:/program files (x86)/gnu tools arm embedded/4.9 2015q3/bin/../lib/gcc/arm-none-eabi/4.9.3/../../../../arm-none-eabi/lib/armv7-ar/thumb\libc.a(lib_a-mprec.o)
                                                  c:/program files (x86)/gnu tools arm embedded/4.9 2015q3/bin/../lib/gcc/arm-none-eabi/4.9.3/../../../../arm-none-eabi/lib/armv7-ar/thumb\libc.a(lib_a-strtod.o)
__nedf2                                           c:/program files (x86)/gnu tools arm embedded/4.9 2015q3/bin/../lib/gcc/arm-none-eabi/4.9.3/armv7-ar/thumb\libgcc.a(_arm_cmpdf2.o)
__nlocale_changed                                 c:/program files (x86)/gnu tools arm embedded/4.9 2015q3/bin/../lib/gcc/arm-none-eabi/4.9.3/../../../../arm-none-eabi/lib/armv7-ar/thumb\libc.a(lib_a-locale.o)
__pow5mult                                        c:/program files (x86)/gnu tools arm embedded/4.9 2015q3/bin/../lib/gcc/arm-none-eabi/4.9.3/../../../../arm-none-eabi/lib/armv7-ar/thumb\libc.a(lib_a-mprec.o)
                                                  c:/program files (x86)/gnu tools arm embedded/4.9 2015q3/bin/../lib/gcc/arm-none-eabi/4.9.3/../../../../arm-none-eabi/lib/armv7-ar/thumb\libc.a(lib_a-strtod.o)
__ratio                                           c:/program files (x86)/gnu tools arm embedded/4.9 2015q3/bin/../lib/gcc/arm-none-eabi/4.9.3/../../../../arm-none-eabi/lib/armv7-ar/thumb\libc.a(lib_a-mprec.o)
                                                  c:/program files (x86)/gnu tools arm embedded/4.9 2015q3/bin/../lib/gcc/arm-none-eabi/4.9.3/../../../../arm-none-eabi/lib/armv7-ar/thumb\libc.a(lib_a-strtod.o)
__s2b                                             c:/program files (x86)/gnu tools arm embedded/4.9 2015q3/bin/../lib/gcc/arm-none-eabi/4.9.3/../../../../arm-none-eabi/lib/armv7-ar/thumb\libc.a(lib_a-mprec.o)
                                                  c:/program files (x86)/gnu tools arm embedded/4.9 2015q3/bin/../lib/gcc/arm-none-eabi/4.9.3/../../../../arm-none-eabi/lib/armv7-ar/thumb\libc.a(lib_a-strtod.o)
__sccl                                            c:/program files (x86)/gnu tools arm embedded/4.9 2015q3/bin/../lib/gcc/arm-none-eabi/4.9.3/../../../../arm-none-eabi/lib/armv7-ar/thumb\libc.a(lib_a-sccl.o)
                                                  c:/program files (x86)/gnu tools arm embedded/4.9 2015q3/bin/../lib/gcc/arm-none-eabi/4.9.3/../../../../arm-none-eabi/lib/armv7-ar/thumb\libc.a(lib_a-svfiscanf.o)
                                                  c:/program files (x86)/gnu tools arm embedded/4.9 2015q3/bin/../lib/gcc/arm-none-eabi/4.9.3/../../../../arm-none-eabi/lib/armv7-ar/thumb\libc.a(lib_a-svfscanf.o)
__sclose                                          c:/program files (x86)/gnu tools arm embedded/4.9 2015q3/bin/../lib/gcc/arm-none-eabi/4.9.3/../../../../arm-none-eabi/lib/armv7-ar/thumb\libc.a(lib_a-stdio.o)
                                                  c:/program files (x86)/gnu tools arm embedded/4.9 2015q3/bin/../lib/gcc/arm-none-eabi/4.9.3/../../../../arm-none-eabi/lib/armv7-ar/thumb\libc.a(lib_a-findfp.o)
__seofread                                        c:/program files (x86)/gnu tools arm embedded/4.9 2015q3/bin/../lib/gcc/arm-none-eabi/4.9.3/../../../../arm-none-eabi/lib/armv7-ar/thumb\libc.a(lib_a-stdio.o)
                                                  c:/program files (x86)/gnu tools arm embedded/4.9 2015q3/bin/../lib/gcc/arm-none-eabi/4.9.3/../../../../arm-none-eabi/lib/armv7-ar/thumb\libc.a(lib_a-sscanf.o)
__sflush_r                                        c:/program files (x86)/gnu tools arm embedded/4.9 2015q3/bin/../lib/gcc/arm-none-eabi/4.9.3/../../../../arm-none-eabi/lib/armv7-ar/thumb\libc.a(lib_a-fflush.o)
                                                  c:/program files (x86)/gnu tools arm embedded/4.9 2015q3/bin/../lib/gcc/arm-none-eabi/4.9.3/../../../../arm-none-eabi/lib/armv7-ar/thumb\libc.a(lib_a-fclose.o)
__sfmoreglue                                      c:/program files (x86)/gnu tools arm embedded/4.9 2015q3/bin/../lib/gcc/arm-none-eabi/4.9.3/../../../../arm-none-eabi/lib/armv7-ar/thumb\libc.a(lib_a-findfp.o)
__sfp                                             c:/program files (x86)/gnu tools arm embedded/4.9 2015q3/bin/../lib/gcc/arm-none-eabi/4.9.3/../../../../arm-none-eabi/lib/armv7-ar/thumb\libc.a(lib_a-findfp.o)
__sfp_lock_acquire                                c:/program files (x86)/gnu tools arm embedded/4.9 2015q3/bin/../lib/gcc/arm-none-eabi/4.9.3/../../../../arm-none-eabi/lib/armv7-ar/thumb\libc.a(lib_a-findfp.o)
                                                  c:/program files (x86)/gnu tools arm embedded/4.9 2015q3/bin/../lib/gcc/arm-none-eabi/4.9.3/../../../../arm-none-eabi/lib/armv7-ar/thumb\libc.a(lib_a-fclose.o)
__sfp_lock_release                                c:/program files (x86)/gnu tools arm embedded/4.9 2015q3/bin/../lib/gcc/arm-none-eabi/4.9.3/../../../../arm-none-eabi/lib/armv7-ar/thumb\libc.a(lib_a-findfp.o)
                                                  c:/program files (x86)/gnu tools arm embedded/4.9 2015q3/bin/../lib/gcc/arm-none-eabi/4.9.3/../../../../arm-none-eabi/lib/armv7-ar/thumb\libc.a(lib_a-fclose.o)
__sinit                                           c:/program files (x86)/gnu tools arm embedded/4.9 2015q3/bin/../lib/gcc/arm-none-eabi/4.9.3/../../../../arm-none-eabi/lib/armv7-ar/thumb\libc.a(lib_a-findfp.o)
                                                  c:/program files (x86)/gnu tools arm embedded/4.9 2015q3/bin/../lib/gcc/arm-none-eabi/4.9.3/../../../../arm-none-eabi/lib/armv7-ar/thumb\libc.a(lib_a-fclose.o)
                                                  c:/program files (x86)/gnu tools arm embedded/4.9 2015q3/bin/../lib/gcc/arm-none-eabi/4.9.3/../../../../arm-none-eabi/lib/armv7-ar/thumb\libc.a(lib_a-fflush.o)
                                                  c:/program files (x86)/gnu tools arm embedded/4.9 2015q3/bin/../lib/gcc/arm-none-eabi/4.9.3/../../../../arm-none-eabi/lib/armv7-ar/thumb\libc.a(lib_a-ungetc.o)
__sinit_lock_acquire                              c:/program files (x86)/gnu tools arm embedded/4.9 2015q3/bin/../lib/gcc/arm-none-eabi/4.9.3/../../../../arm-none-eabi/lib/armv7-ar/thumb\libc.a(lib_a-findfp.o)
__sinit_lock_release                              c:/program files (x86)/gnu tools arm embedded/4.9 2015q3/bin/../lib/gcc/arm-none-eabi/4.9.3/../../../../arm-none-eabi/lib/armv7-ar/thumb\libc.a(lib_a-findfp.o)
__sread                                           c:/program files (x86)/gnu tools arm embedded/4.9 2015q3/bin/../lib/gcc/arm-none-eabi/4.9.3/../../../../arm-none-eabi/lib/armv7-ar/thumb\libc.a(lib_a-stdio.o)
                                                  c:/program files (x86)/gnu tools arm embedded/4.9 2015q3/bin/../lib/gcc/arm-none-eabi/4.9.3/../../../../arm-none-eabi/lib/armv7-ar/thumb\libc.a(lib_a-findfp.o)
__sseek                                           c:/program files (x86)/gnu tools arm embedded/4.9 2015q3/bin/../lib/gcc/arm-none-eabi/4.9.3/../../../../arm-none-eabi/lib/armv7-ar/thumb\libc.a(lib_a-stdio.o)
                                                  c:/program files (x86)/gnu tools arm embedded/4.9 2015q3/bin/../lib/gcc/arm-none-eabi/4.9.3/../../../../arm-none-eabi/lib/armv7-ar/thumb\libc.a(lib_a-findfp.o)
__ssrefill_r                                      c:/program files (x86)/gnu tools arm embedded/4.9 2015q3/bin/../lib/gcc/arm-none-eabi/4.9.3/../../../../arm-none-eabi/lib/armv7-ar/thumb\libc.a(lib_a-svfiscanf.o)
                                                  c:/program files (x86)/gnu tools arm embedded/4.9 2015q3/bin/../lib/gcc/arm-none-eabi/4.9.3/../../../../arm-none-eabi/lib/armv7-ar/thumb\libc.a(lib_a-svfscanf.o)
__ssvfiscanf_r                                    c:/program files (x86)/gnu tools arm embedded/4.9 2015q3/bin/../lib/gcc/arm-none-eabi/4.9.3/../../../../arm-none-eabi/lib/armv7-ar/thumb\libc.a(lib_a-svfiscanf.o)
__ssvfscanf_r                                     c:/program files (x86)/gnu tools arm embedded/4.9 2015q3/bin/../lib/gcc/arm-none-eabi/4.9.3/../../../../arm-none-eabi/lib/armv7-ar/thumb\libc.a(lib_a-svfscanf.o)
                                                  c:/program files (x86)/gnu tools arm embedded/4.9 2015q3/bin/../lib/gcc/arm-none-eabi/4.9.3/../../../../arm-none-eabi/lib/armv7-ar/thumb\libc.a(lib_a-sscanf.o)
__subdf3                                          c:/program files (x86)/gnu tools arm embedded/4.9 2015q3/bin/../lib/gcc/arm-none-eabi/4.9.3/armv7-ar/thumb\libgcc.a(_arm_addsubdf3.o)
__submore                                         c:/program files (x86)/gnu tools arm embedded/4.9 2015q3/bin/../lib/gcc/arm-none-eabi/4.9.3/../../../../arm-none-eabi/lib/armv7-ar/thumb\libc.a(lib_a-ungetc.o)
                                                  c:/program files (x86)/gnu tools arm embedded/4.9 2015q3/bin/../lib/gcc/arm-none-eabi/4.9.3/../../../../arm-none-eabi/lib/armv7-ar/thumb\libc.a(lib_a-svfiscanf.o)
__swrite                                          c:/program files (x86)/gnu tools arm embedded/4.9 2015q3/bin/../lib/gcc/arm-none-eabi/4.9.3/../../../../arm-none-eabi/lib/armv7-ar/thumb\libc.a(lib_a-stdio.o)
                                                  c:/program files (x86)/gnu tools arm embedded/4.9 2015q3/bin/../lib/gcc/arm-none-eabi/4.9.3/../../../../arm-none-eabi/lib/armv7-ar/thumb\libc.a(lib_a-findfp.o)
__truncdfsf2                                      c:/program files (x86)/gnu tools arm embedded/4.9 2015q3/bin/../lib/gcc/arm-none-eabi/4.9.3/armv7-ar/thumb\libgcc.a(_arm_truncdfsf2.o)
__udivdi3                                         c:/program files (x86)/gnu tools arm embedded/4.9 2015q3/bin/../lib/gcc/arm-none-eabi/4.9.3/armv7-ar/thumb\libgcc.a(_udivdi3.o)
                                                  c:/program files (x86)/gnu tools arm embedded/4.9 2015q3/bin/../lib/gcc/arm-none-eabi/4.9.3/armv7-ar/thumb\libgcc.a(bpabi.o)
__udivsi3                                         c:/program files (x86)/gnu tools arm embedded/4.9 2015q3/bin/../lib/gcc/arm-none-eabi/4.9.3/armv7-ar/thumb\libgcc.a(_udivsi3.o)
__ulp                                             c:/program files (x86)/gnu tools arm embedded/4.9 2015q3/bin/../lib/gcc/arm-none-eabi/4.9.3/../../../../arm-none-eabi/lib/armv7-ar/thumb\libc.a(lib_a-mprec.o)
                                                  c:/program files (x86)/gnu tools arm embedded/4.9 2015q3/bin/../lib/gcc/arm-none-eabi/4.9.3/../../../../arm-none-eabi/lib/armv7-ar/thumb\libc.a(lib_a-strtod.o)
_calloc_r                                         c:/program files (x86)/gnu tools arm embedded/4.9 2015q3/bin/../lib/gcc/arm-none-eabi/4.9.3/../../../../arm-none-eabi/lib/armv7-ar/thumb\libc.a(lib_a-callocr.o)
                                                  c:/program files (x86)/gnu tools arm embedded/4.9 2015q3/bin/../lib/gcc/arm-none-eabi/4.9.3/../../../../arm-none-eabi/lib/armv7-ar/thumb\libc.a(lib_a-mprec.o)
_cleanup                                          c:/program files (x86)/gnu tools arm embedded/4.9 2015q3/bin/../lib/gcc/arm-none-eabi/4.9.3/../../../../arm-none-eabi/lib/armv7-ar/thumb\libc.a(lib_a-findfp.o)
_cleanup_r                                        c:/program files (x86)/gnu tools arm embedded/4.9 2015q3/bin/../lib/gcc/arm-none-eabi/4.9.3/../../../../arm-none-eabi/lib/armv7-ar/thumb\libc.a(lib_a-findfp.o)
_close                                            output_Core_0\syscalls.c.o
                                                  c:/program files (x86)/gnu tools arm embedded/4.9 2015q3/bin/../lib/gcc/arm-none-eabi/4.9.3/../../../../arm-none-eabi/lib/armv7-ar/thumb\libc.a(lib_a-closer.o)
_close_r                                          c:/program files (x86)/gnu tools arm embedded/4.9 2015q3/bin/../lib/gcc/arm-none-eabi/4.9.3/../../../../arm-none-eabi/lib/armv7-ar/thumb\libc.a(lib_a-closer.o)
                                                  c:/program files (x86)/gnu tools arm embedded/4.9 2015q3/bin/../lib/gcc/arm-none-eabi/4.9.3/../../../../arm-none-eabi/lib/armv7-ar/thumb\libc.a(lib_a-stdio.o)
_ctype_                                           c:/program files (x86)/gnu tools arm embedded/4.9 2015q3/bin/../lib/gcc/arm-none-eabi/4.9.3/../../../../arm-none-eabi/lib/armv7-ar/thumb\libc.a(lib_a-ctype_.o)
_edata                                            output_Core_0\startup_CA9.s.o
_exit                                             output_Core_0\startup_CA9.s.o
                                                  output_Core_0\syscalls.c.o
_fclose_r                                         c:/program files (x86)/gnu tools arm embedded/4.9 2015q3/bin/../lib/gcc/arm-none-eabi/4.9.3/../../../../arm-none-eabi/lib/armv7-ar/thumb\libc.a(lib_a-fclose.o)
                                                  c:/program files (x86)/gnu tools arm embedded/4.9 2015q3/bin/../lib/gcc/arm-none-eabi/4.9.3/../../../../arm-none-eabi/lib/armv7-ar/thumb\libc.a(lib_a-findfp.o)
_fflush_r                                         c:/program files (x86)/gnu tools arm embedded/4.9 2015q3/bin/../lib/gcc/arm-none-eabi/4.9.3/../../../../arm-none-eabi/lib/armv7-ar/thumb\libc.a(lib_a-fflush.o)
                                                  c:/program files (x86)/gnu tools arm embedded/4.9 2015q3/bin/../lib/gcc/arm-none-eabi/4.9.3/../../../../arm-none-eabi/lib/armv7-ar/thumb\libc.a(lib_a-ungetc.o)
_free_r                                           c:/program files (x86)/gnu tools arm embedded/4.9 2015q3/bin/../lib/gcc/arm-none-eabi/4.9.3/../../../../arm-none-eabi/lib/armv7-ar/thumb\libc.a(lib_a-freer.o)
                                                  c:/program files (x86)/gnu tools arm embedded/4.9 2015q3/bin/../lib/gcc/arm-none-eabi/4.9.3/../../../../arm-none-eabi/lib/armv7-ar/thumb\libc.a(lib_a-fclose.o)
                                                  c:/program files (x86)/gnu tools arm embedded/4.9 2015q3/bin/../lib/gcc/arm-none-eabi/4.9.3/../../../../arm-none-eabi/lib/armv7-ar/thumb\libc.a(lib_a-reallocr.o)
                                                  c:/program files (x86)/gnu tools arm embedded/4.9 2015q3/bin/../lib/gcc/arm-none-eabi/4.9.3/../../../../arm-none-eabi/lib/armv7-ar/thumb\libc.a(lib_a-mallocr.o)
                                                  c:/program files (x86)/gnu tools arm embedded/4.9 2015q3/bin/../lib/gcc/arm-none-eabi/4.9.3/../../../../arm-none-eabi/lib/armv7-ar/thumb\libc.a(lib_a-fflush.o)
                                                  c:/program files (x86)/gnu tools arm embedded/4.9 2015q3/bin/../lib/gcc/arm-none-eabi/4.9.3/../../../../arm-none-eabi/lib/armv7-ar/thumb\libc.a(lib_a-svfiscanf.o)
                                                  c:/program files (x86)/gnu tools arm embedded/4.9 2015q3/bin/../lib/gcc/arm-none-eabi/4.9.3/../../../../arm-none-eabi/lib/armv7-ar/thumb\libc.a(lib_a-reent.o)
_fstat                                            output_Core_0\syscalls.c.o
_fwalk                                            c:/program files (x86)/gnu tools arm embedded/4.9 2015q3/bin/../lib/gcc/arm-none-eabi/4.9.3/../../../../arm-none-eabi/lib/armv7-ar/thumb\libc.a(lib_a-fwalk.o)
                                                  c:/program files (x86)/gnu tools arm embedded/4.9 2015q3/bin/../lib/gcc/arm-none-eabi/4.9.3/../../../../arm-none-eabi/lib/armv7-ar/thumb\libc.a(lib_a-findfp.o)
_fwalk_reent                                      c:/program files (x86)/gnu tools arm embedded/4.9 2015q3/bin/../lib/gcc/arm-none-eabi/4.9.3/../../../../arm-none-eabi/lib/armv7-ar/thumb\libc.a(lib_a-fwalk.o)
                                                  c:/program files (x86)/gnu tools arm embedded/4.9 2015q3/bin/../lib/gcc/arm-none-eabi/4.9.3/../../../../arm-none-eabi/lib/armv7-ar/thumb\libc.a(lib_a-findfp.o)
                                                  c:/program files (x86)/gnu tools arm embedded/4.9 2015q3/bin/../lib/gcc/arm-none-eabi/4.9.3/../../../../arm-none-eabi/lib/armv7-ar/thumb\libc.a(lib_a-fflush.o)
_global_impure_ptr                                c:/program files (x86)/gnu tools arm embedded/4.9 2015q3/bin/../lib/gcc/arm-none-eabi/4.9.3/../../../../arm-none-eabi/lib/armv7-ar/thumb\libc.a(lib_a-impure.o)
                                                  c:/program files (x86)/gnu tools arm embedded/4.9 2015q3/bin/../lib/gcc/arm-none-eabi/4.9.3/../../../../arm-none-eabi/lib/armv7-ar/thumb\libc.a(lib_a-findfp.o)
                                                  c:/program files (x86)/gnu tools arm embedded/4.9 2015q3/bin/../lib/gcc/arm-none-eabi/4.9.3/../../../../arm-none-eabi/lib/armv7-ar/thumb\libc.a(lib_a-fflush.o)
_impure_ptr                                       c:/program files (x86)/gnu tools arm embedded/4.9 2015q3/bin/../lib/gcc/arm-none-eabi/4.9.3/../../../../arm-none-eabi/lib/armv7-ar/thumb\libc.a(lib_a-impure.o)
                                                  c:/program files (x86)/gnu tools arm embedded/4.9 2015q3/bin/../lib/gcc/arm-none-eabi/4.9.3/../../../../arm-none-eabi/lib/armv7-ar/thumb\libc.a(lib_a-fclose.o)
                                                  c:/program files (x86)/gnu tools arm embedded/4.9 2015q3/bin/../lib/gcc/arm-none-eabi/4.9.3/../../../../arm-none-eabi/lib/armv7-ar/thumb\libc.a(lib_a-findfp.o)
                                                  c:/program files (x86)/gnu tools arm embedded/4.9 2015q3/bin/../lib/gcc/arm-none-eabi/4.9.3/../../../../arm-none-eabi/lib/armv7-ar/thumb\libc.a(lib_a-fflush.o)
                                                  c:/program files (x86)/gnu tools arm embedded/4.9 2015q3/bin/../lib/gcc/arm-none-eabi/4.9.3/../../../../arm-none-eabi/lib/armv7-ar/thumb\libc.a(lib_a-ungetc.o)
                                                  c:/program files (x86)/gnu tools arm embedded/4.9 2015q3/bin/../lib/gcc/arm-none-eabi/4.9.3/../../../../arm-none-eabi/lib/armv7-ar/thumb\libc.a(lib_a-strtoul.o)
                                                  c:/program files (x86)/gnu tools arm embedded/4.9 2015q3/bin/../lib/gcc/arm-none-eabi/4.9.3/../../../../arm-none-eabi/lib/armv7-ar/thumb\libc.a(lib_a-strtol.o)
                                                  c:/program files (x86)/gnu tools arm embedded/4.9 2015q3/bin/../lib/gcc/arm-none-eabi/4.9.3/../../../../arm-none-eabi/lib/armv7-ar/thumb\libc.a(lib_a-strtod.o)
                                                  c:/program files (x86)/gnu tools arm embedded/4.9 2015q3/bin/../lib/gcc/arm-none-eabi/4.9.3/../../../../arm-none-eabi/lib/armv7-ar/thumb\libc.a(lib_a-reent.o)
                                                  c:/program files (x86)/gnu tools arm embedded/4.9 2015q3/bin/../lib/gcc/arm-none-eabi/4.9.3/../../../../arm-none-eabi/lib/armv7-ar/thumb\libc.a(lib_a-mbrtowc.o)
                                                  c:/program files (x86)/gnu tools arm embedded/4.9 2015q3/bin/../lib/gcc/arm-none-eabi/4.9.3/../../../../arm-none-eabi/lib/armv7-ar/thumb\libc.a(lib_a-locale.o)
                                                  c:/program files (x86)/gnu tools arm embedded/4.9 2015q3/bin/../lib/gcc/arm-none-eabi/4.9.3/../../../../arm-none-eabi/lib/armv7-ar/thumb\libc.a(lib_a-sscanf.o)
_isatty                                           output_Core_0\syscalls.c.o
_localeconv_r                                     c:/program files (x86)/gnu tools arm embedded/4.9 2015q3/bin/../lib/gcc/arm-none-eabi/4.9.3/../../../../arm-none-eabi/lib/armv7-ar/thumb\libc.a(lib_a-locale.o)
                                                  c:/program files (x86)/gnu tools arm embedded/4.9 2015q3/bin/../lib/gcc/arm-none-eabi/4.9.3/../../../../arm-none-eabi/lib/armv7-ar/thumb\libc.a(lib_a-gdtoa-gethex.o)
                                                  c:/program files (x86)/gnu tools arm embedded/4.9 2015q3/bin/../lib/gcc/arm-none-eabi/4.9.3/../../../../arm-none-eabi/lib/armv7-ar/thumb\libc.a(lib_a-strtod.o)
                                                  c:/program files (x86)/gnu tools arm embedded/4.9 2015q3/bin/../lib/gcc/arm-none-eabi/4.9.3/../../../../arm-none-eabi/lib/armv7-ar/thumb\libc.a(lib_a-svfscanf.o)
_lseek                                            output_Core_0\syscalls.c.o
                                                  c:/program files (x86)/gnu tools arm embedded/4.9 2015q3/bin/../lib/gcc/arm-none-eabi/4.9.3/../../../../arm-none-eabi/lib/armv7-ar/thumb\libc.a(lib_a-lseekr.o)
_lseek_r                                          c:/program files (x86)/gnu tools arm embedded/4.9 2015q3/bin/../lib/gcc/arm-none-eabi/4.9.3/../../../../arm-none-eabi/lib/armv7-ar/thumb\libc.a(lib_a-lseekr.o)
                                                  c:/program files (x86)/gnu tools arm embedded/4.9 2015q3/bin/../lib/gcc/arm-none-eabi/4.9.3/../../../../arm-none-eabi/lib/armv7-ar/thumb\libc.a(lib_a-stdio.o)
_malloc_r                                         c:/program files (x86)/gnu tools arm embedded/4.9 2015q3/bin/../lib/gcc/arm-none-eabi/4.9.3/../../../../arm-none-eabi/lib/armv7-ar/thumb\libc.a(lib_a-mallocr.o)
                                                  c:/program files (x86)/gnu tools arm embedded/4.9 2015q3/bin/../lib/gcc/arm-none-eabi/4.9.3/../../../../arm-none-eabi/lib/armv7-ar/thumb\libc.a(lib_a-callocr.o)
                                                  c:/program files (x86)/gnu tools arm embedded/4.9 2015q3/bin/../lib/gcc/arm-none-eabi/4.9.3/../../../../arm-none-eabi/lib/armv7-ar/thumb\libc.a(lib_a-reallocr.o)
                                                  c:/program files (x86)/gnu tools arm embedded/4.9 2015q3/bin/../lib/gcc/arm-none-eabi/4.9.3/../../../../arm-none-eabi/lib/armv7-ar/thumb\libc.a(lib_a-findfp.o)
                                                  c:/program files (x86)/gnu tools arm embedded/4.9 2015q3/bin/../lib/gcc/arm-none-eabi/4.9.3/../../../../arm-none-eabi/lib/armv7-ar/thumb\libc.a(lib_a-ungetc.o)
_malloc_trim_r                                    c:/program files (x86)/gnu tools arm embedded/4.9 2015q3/bin/../lib/gcc/arm-none-eabi/4.9.3/../../../../arm-none-eabi/lib/armv7-ar/thumb\libc.a(lib_a-freer.o)
_mbrtowc_r                                        c:/program files (x86)/gnu tools arm embedded/4.9 2015q3/bin/../lib/gcc/arm-none-eabi/4.9.3/../../../../arm-none-eabi/lib/armv7-ar/thumb\libc.a(lib_a-mbrtowc.o)
                                                  c:/program files (x86)/gnu tools arm embedded/4.9 2015q3/bin/../lib/gcc/arm-none-eabi/4.9.3/../../../../arm-none-eabi/lib/armv7-ar/thumb\libc.a(lib_a-svfiscanf.o)
                                                  c:/program files (x86)/gnu tools arm embedded/4.9 2015q3/bin/../lib/gcc/arm-none-eabi/4.9.3/../../../../arm-none-eabi/lib/armv7-ar/thumb\libc.a(lib_a-svfscanf.o)
_mbtowc_r                                         c:/program files (x86)/gnu tools arm embedded/4.9 2015q3/bin/../lib/gcc/arm-none-eabi/4.9.3/../../../../arm-none-eabi/lib/armv7-ar/thumb\libc.a(lib_a-mbtowc_r.o)
_mprec_log10                                      c:/program files (x86)/gnu tools arm embedded/4.9 2015q3/bin/../lib/gcc/arm-none-eabi/4.9.3/../../../../arm-none-eabi/lib/armv7-ar/thumb\libc.a(lib_a-mprec.o)
_read                                             output_Core_0\syscalls.c.o
                                                  c:/program files (x86)/gnu tools arm embedded/4.9 2015q3/bin/../lib/gcc/arm-none-eabi/4.9.3/../../../../arm-none-eabi/lib/armv7-ar/thumb\libc.a(lib_a-readr.o)
_read_r                                           c:/program files (x86)/gnu tools arm embedded/4.9 2015q3/bin/../lib/gcc/arm-none-eabi/4.9.3/../../../../arm-none-eabi/lib/armv7-ar/thumb\libc.a(lib_a-readr.o)
                                                  c:/program files (x86)/gnu tools arm embedded/4.9 2015q3/bin/../lib/gcc/arm-none-eabi/4.9.3/../../../../arm-none-eabi/lib/armv7-ar/thumb\libc.a(lib_a-stdio.o)
_realloc_r                                        c:/program files (x86)/gnu tools arm embedded/4.9 2015q3/bin/../lib/gcc/arm-none-eabi/4.9.3/../../../../arm-none-eabi/lib/armv7-ar/thumb\libc.a(lib_a-reallocr.o)
                                                  c:/program files (x86)/gnu tools arm embedded/4.9 2015q3/bin/../lib/gcc/arm-none-eabi/4.9.3/../../../../arm-none-eabi/lib/armv7-ar/thumb\libc.a(lib_a-ungetc.o)
_reclaim_reent                                    c:/program files (x86)/gnu tools arm embedded/4.9 2015q3/bin/../lib/gcc/arm-none-eabi/4.9.3/../../../../arm-none-eabi/lib/armv7-ar/thumb\libc.a(lib_a-reent.o)
_sbrk                                             output_Core_0\syscalls.c.o
                                                  c:/program files (x86)/gnu tools arm embedded/4.9 2015q3/bin/../lib/gcc/arm-none-eabi/4.9.3/../../../../arm-none-eabi/lib/armv7-ar/thumb\libc.a(lib_a-sbrkr.o)
_sbrk_r                                           c:/program files (x86)/gnu tools arm embedded/4.9 2015q3/bin/../lib/gcc/arm-none-eabi/4.9.3/../../../../arm-none-eabi/lib/armv7-ar/thumb\libc.a(lib_a-sbrkr.o)
                                                  c:/program files (x86)/gnu tools arm embedded/4.9 2015q3/bin/../lib/gcc/arm-none-eabi/4.9.3/../../../../arm-none-eabi/lib/armv7-ar/thumb\libc.a(lib_a-mallocr.o)
                                                  c:/program files (x86)/gnu tools arm embedded/4.9 2015q3/bin/../lib/gcc/arm-none-eabi/4.9.3/../../../../arm-none-eabi/lib/armv7-ar/thumb\libc.a(lib_a-freer.o)
_sdata                                            output_Core_0\startup_CA9.s.o
_setlocale_r                                      c:/program files (x86)/gnu tools arm embedded/4.9 2015q3/bin/../lib/gcc/arm-none-eabi/4.9.3/../../../../arm-none-eabi/lib/armv7-ar/thumb\libc.a(lib_a-locale.o)
_sfread_r                                         c:/program files (x86)/gnu tools arm embedded/4.9 2015q3/bin/../lib/gcc/arm-none-eabi/4.9.3/../../../../arm-none-eabi/lib/armv7-ar/thumb\libc.a(lib_a-svfiscanf.o)
                                                  c:/program files (x86)/gnu tools arm embedded/4.9 2015q3/bin/../lib/gcc/arm-none-eabi/4.9.3/../../../../arm-none-eabi/lib/armv7-ar/thumb\libc.a(lib_a-svfscanf.o)
_sidata                                           output_Core_0\startup_CA9.s.o
_sscanf_r                                         c:/program files (x86)/gnu tools arm embedded/4.9 2015q3/bin/../lib/gcc/arm-none-eabi/4.9.3/../../../../arm-none-eabi/lib/armv7-ar/thumb\libc.a(lib_a-sscanf.o)
_startup                                          output_Core_0\startup_CA9.s.o
                                                  output_Core_0\main.c.o
_strtod_r                                         c:/program files (x86)/gnu tools arm embedded/4.9 2015q3/bin/../lib/gcc/arm-none-eabi/4.9.3/../../../../arm-none-eabi/lib/armv7-ar/thumb\libc.a(lib_a-strtod.o)